Sep 15 14:55:29 pop-os kernel: [    9.642399] r8169 0000:08:00.0 enp8s0: Link is Down
Sep 15 14:55:29 pop-os kernel: [    9.786639] evdi: [I] (card2) Opened by Task 984 (systemd-logind) of process 984 (systemd-logind)
Sep 15 14:55:29 pop-os kernel: [    9.787104] evdi: [I] (card3) Opened by Task 984 (systemd-logind) of process 984 (systemd-logind)
Sep 15 14:55:29 pop-os kernel: [    9.787608] evdi: [I] (card4) Opened by Task 984 (systemd-logind) of process 984 (systemd-logind)
Sep 15 14:55:29 pop-os kernel: [    9.788095] evdi: [I] (card5) Opened by Task 984 (systemd-logind) of process 984 (systemd-logind)
Sep 15 14:55:30 pop-os kernel: [    9.934956] evdi: [I] (card2) Closed by Task 1238 (Xorg) of process 1238 (Xorg)
Sep 15 14:55:30 pop-os kernel: [    9.935289] evdi: [I] (card3) Closed by Task 1238 (Xorg) of process 1238 (Xorg)
Sep 15 14:55:30 pop-os kernel: [    9.935643] evdi: [I] (card4) Closed by Task 1238 (Xorg) of process 1238 (Xorg)
Sep 15 14:55:30 pop-os kernel: [    9.935892] evdi: [I] (card5) Closed by Task 1238 (Xorg) of process 1238 (Xorg)
Sep 15 14:55:30 pop-os kernel: [    9.935930] evdi: [I] (card2) Opened by Task 1238 (Xorg) of process 1238 (Xorg)
Sep 15 14:55:30 pop-os kernel: [    9.935953] evdi: [E] evdi_painter_connect:854 Edid length too small
Sep 15 14:55:30 pop-os kernel: [    9.935957] evdi: [W] evdi_painter_connect_ioctl:989 (card2)(pid=1238) disconnect failed
Sep 15 14:55:30 pop-os kernel: [    9.935965] evdi: [I] (card2) Closed by Task 1238 (Xorg) of process 1238 (Xorg)
Sep 15 14:55:30 pop-os kernel: [    9.935994] evdi: [I] (card3) Opened by Task 1238 (Xorg) of process 1238 (Xorg)
Sep 15 14:55:30 pop-os kernel: [    9.936001] evdi: [E] evdi_painter_connect:854 Edid length too small
Sep 15 14:55:30 pop-os kernel: [    9.936003] evdi: [W] evdi_painter_connect_ioctl:989 (card3)(pid=1238) disconnect failed
Sep 15 14:55:30 pop-os kernel: [    9.936007] evdi: [I] (card3) Closed by Task 1238 (Xorg) of process 1238 (Xorg)
Sep 15 14:55:30 pop-os kernel: [    9.936030] evdi: [I] (card4) Opened by Task 1238 (Xorg) of process 1238 (Xorg)
Sep 15 14:55:30 pop-os kernel: [    9.936037] evdi: [E] evdi_painter_connect:854 Edid length too small
Sep 15 14:55:30 pop-os kernel: [    9.936039] evdi: [W] evdi_painter_connect_ioctl:989 (card4)(pid=1238) disconnect failed
Sep 15 14:55:30 pop-os kernel: [    9.936042] evdi: [I] (card4) Closed by Task 1238 (Xorg) of process 1238 (Xorg)
Sep 15 14:55:30 pop-os kernel: [    9.936058] evdi: [I] (card5) Opened by Task 1238 (Xorg) of process 1238 (Xorg)
Sep 15 14:55:30 pop-os kernel: [    9.936063] evdi: [E] evdi_painter_connect:854 Edid length too small
Sep 15 14:55:30 pop-os kernel: [    9.936064] evdi: [W] evdi_painter_connect_ioctl:989 (card5)(pid=1238) disconnect failed
Sep 15 14:55:30 pop-os kernel: [    9.936066] evdi: [I] (card5) Closed by Task 1238 (Xorg) of process 1238 (Xorg)
Sep 15 14:55:30 pop-os kernel: [    9.936081] evdi: [I] (card2) Opened by Task 1238 (Xorg) of process 1238 (Xorg)
Sep 15 14:55:30 pop-os kernel: [    9.936088] evdi: [I] (card2) Closed by Task 1238 (Xorg) of process 1238 (Xorg)
Sep 15 14:55:30 pop-os kernel: [    9.936103] evdi: [I] (card3) Opened by Task 1238 (Xorg) of process 1238 (Xorg)
Sep 15 14:55:30 pop-os kernel: [    9.936112] evdi: [I] (card3) Closed by Task 1238 (Xorg) of process 1238 (Xorg)
Sep 15 14:55:30 pop-os kernel: [    9.936126] evdi: [I] (card4) Opened by Task 1238 (Xorg) of process 1238 (Xorg)
Sep 15 14:55:30 pop-os kernel: [    9.936131] evdi: [I] (card4) Closed by Task 1238 (Xorg) of process 1238 (Xorg)
Sep 15 14:55:30 pop-os kernel: [    9.936144] evdi: [I] (card5) Opened by Task 1238 (Xorg) of process 1238 (Xorg)
Sep 15 14:55:30 pop-os kernel: [    9.936150] evdi: [I] (card5) Closed by Task 1238 (Xorg) of process 1238 (Xorg)
Sep 15 14:55:30 pop-os kernel: [    9.951910] loop5: detected capacity change from 0 to 8
Sep 15 14:55:30 pop-os kernel: [    9.952071] Dev loop5: unable to read RDB block 8
Sep 15 14:55:30 pop-os kernel: [    9.952076]  loop5: unable to read partition table
Sep 15 14:55:30 pop-os kernel: [    9.952079] loop5: partition table beyond EOD, truncated
Sep 15 14:55:30 pop-os kernel: [   10.090157] evdi: [I] (card2) Opened by Task 1238 (Xorg) of process 1238 (Xorg)
Sep 15 14:55:30 pop-os kernel: [   10.108127] evdi: [I] (card3) Opened by Task 1238 (Xorg) of process 1238 (Xorg)
Sep 15 14:55:30 pop-os kernel: [   10.119321] evdi: [I] (card4) Opened by Task 1238 (Xorg) of process 1238 (Xorg)
Sep 15 14:55:30 pop-os kernel: [   10.130145] evdi: [I] (card5) Opened by Task 1238 (Xorg) of process 1238 (Xorg)
Sep 15 14:55:30 pop-os kernel: [   10.510671] Bluetooth: hci0: Waiting for firmware download to complete
Sep 15 14:55:30 pop-os kernel: [   10.510795] Bluetooth: hci0: Firmware loaded in 1385120 usecs
Sep 15 14:55:30 pop-os kernel: [   10.510832] Bluetooth: hci0: Waiting for device to boot
Sep 15 14:55:30 pop-os kernel: [   10.524798] Bluetooth: hci0: Malformed MSFT vendor event: 0x02
Sep 15 14:55:30 pop-os kernel: [   10.524828] Bluetooth: hci0: Device booted in 13687 usecs
Sep 15 14:55:30 pop-os kernel: [   10.525036] Bluetooth: hci0: Found Intel DDC parameters: intel/ibt-17-16-1.ddc
Sep 15 14:55:30 pop-os kernel: [   10.526837] Bluetooth: hci0: Applying Intel DDC parameters completed
Sep 15 14:55:30 pop-os kernel: [   10.527841] Bluetooth: hci0: Firmware revision 0.1 build 174 week 4 2022
Sep 15 14:55:30 pop-os kernel: [   10.599177] NET: Registered PF_ALG protocol family
Sep 15 14:55:30 pop-os kernel: [   10.617179] Bluetooth: RFCOMM TTY layer initialized
Sep 15 14:55:30 pop-os kernel: [   10.617185] Bluetooth: RFCOMM socket layer initialized
Sep 15 14:55:30 pop-os kernel: [   10.617188] Bluetooth: RFCOMM ver 1.11
Sep 15 14:55:31 pop-os kernel: [   11.488677] rfkill: input handler disabled
Sep 15 14:55:32 pop-os kernel: [   12.189838] wlp0s20f3: authenticate with 28:b3:71:58:0f:ac
Sep 15 14:55:32 pop-os kernel: [   12.191199] wlp0s20f3: send auth to 28:b3:71:58:0f:ac (try 1/3)
Sep 15 14:55:32 pop-os kernel: [   12.294853] wlp0s20f3: authenticated
Sep 15 14:55:32 pop-os kernel: [   12.298394] wlp0s20f3: associate with 28:b3:71:58:0f:ac (try 1/3)
Sep 15 14:55:32 pop-os kernel: [   12.304768] wlp0s20f3: RX AssocResp from 28:b3:71:58:0f:ac (capab=0x1011 status=0 aid=2)
Sep 15 14:55:32 pop-os kernel: [   12.307344] wlp0s20f3: associated
Sep 15 14:55:32 pop-os kernel: [   12.342408] wlp0s20f3: Limiting TX power to 23 (23 - 0) dBm as advertised by 28:b3:71:58:0f:ac
Sep 15 14:55:32 pop-os kernel: [   12.502814] IPv6: ADDRCONF(NETDEV_CHANGE): wlp0s20f3: link becomes ready
Sep 15 14:55:37 pop-os kernel: [   17.406024] kauditd_printk_skb: 23 callbacks suppressed
Sep 15 14:55:37 pop-os kernel: [   17.406026] audit: type=1400 audit(1663271737.583:35): apparmor="DENIED" operation="capable" profile="/usr/sbin/cups-browsed" pid=1850 comm="cups-browsed" capability=23  capname="sys_nice"
Sep 15 14:55:37 pop-os kernel: [   17.518980] audit: type=1400 audit(1663271737.699:36): apparmor="STATUS" operation="profile_load" profile="unconfined" name="docker-default" pid=2025 comm="apparmor_parser"
Sep 15 14:55:37 pop-os kernel: [   17.626604] bridge: filtering via arp/ip/ip6tables is no longer available by default. Update your scripts to load br_netfilter if you need this.
Sep 15 14:55:37 pop-os kernel: [   17.628591] Bridge firewalling registered
Sep 15 14:55:37 pop-os kernel: [   17.683558] Initializing XFRM netlink socket
Sep 15 14:56:57 pop-os kernel: [   97.175703] xhci_hcd 0000:01:00.2: xHC error in resume, USBSTS 0x401, Reinit
Sep 15 14:56:57 pop-os kernel: [   97.175707] usb usb3: root hub lost power or was reset
Sep 15 14:56:57 pop-os kernel: [   97.175708] usb usb4: root hub lost power or was reset
Sep 15 14:56:57 pop-os kernel: [   97.203387] rfkill: input handler enabled
Sep 15 14:56:57 pop-os kernel: [   97.215368] evdi: [I] (card2) Opened by Task 984 (systemd-logind) of process 984 (systemd-logind)
Sep 15 14:56:57 pop-os kernel: [   97.215861] evdi: [I] (card3) Opened by Task 984 (systemd-logind) of process 984 (systemd-logind)
Sep 15 14:56:57 pop-os kernel: [   97.216413] evdi: [I] (card4) Opened by Task 984 (systemd-logind) of process 984 (systemd-logind)
Sep 15 14:56:57 pop-os kernel: [   97.216846] evdi: [I] (card5) Opened by Task 984 (systemd-logind) of process 984 (systemd-logind)
Sep 15 14:56:57 pop-os kernel: [   97.354484] evdi: [I] (card2) Closed by Task 3680 (Xorg) of process 3680 (Xorg)
Sep 15 14:56:57 pop-os kernel: [   97.354771] evdi: [I] (card3) Closed by Task 3680 (Xorg) of process 3680 (Xorg)
Sep 15 14:56:57 pop-os kernel: [   97.354991] evdi: [I] (card4) Closed by Task 3680 (Xorg) of process 3680 (Xorg)
Sep 15 14:56:57 pop-os kernel: [   97.355185] evdi: [I] (card5) Closed by Task 3680 (Xorg) of process 3680 (Xorg)
Sep 15 14:56:57 pop-os kernel: [   97.355215] evdi: [I] (card2) Opened by Task 3680 (Xorg) of process 3680 (Xorg)
Sep 15 14:56:57 pop-os kernel: [   97.355232] evdi: [E] evdi_painter_connect:854 Edid length too small
Sep 15 14:56:57 pop-os kernel: [   97.355235] evdi: [W] evdi_painter_connect_ioctl:989 (card2)(pid=3680) disconnect failed
Sep 15 14:56:57 pop-os kernel: [   97.355240] evdi: [I] (card2) Closed by Task 3680 (Xorg) of process 3680 (Xorg)
Sep 15 14:56:57 pop-os kernel: [   97.355260] evdi: [I] (card3) Opened by Task 3680 (Xorg) of process 3680 (Xorg)
Sep 15 14:56:57 pop-os kernel: [   97.355265] evdi: [E] evdi_painter_connect:854 Edid length too small
Sep 15 14:56:57 pop-os kernel: [   97.355267] evdi: [W] evdi_painter_connect_ioctl:989 (card3)(pid=3680) disconnect failed
Sep 15 14:56:57 pop-os kernel: [   97.355269] evdi: [I] (card3) Closed by Task 3680 (Xorg) of process 3680 (Xorg)
Sep 15 14:56:57 pop-os kernel: [   97.355283] evdi: [I] (card4) Opened by Task 3680 (Xorg) of process 3680 (Xorg)
Sep 15 14:56:57 pop-os kernel: [   97.355287] evdi: [E] evdi_painter_connect:854 Edid length too small
Sep 15 14:56:57 pop-os kernel: [   97.355289] evdi: [W] evdi_painter_connect_ioctl:989 (card4)(pid=3680) disconnect failed
Sep 15 14:56:57 pop-os kernel: [   97.355291] evdi: [I] (card4) Closed by Task 3680 (Xorg) of process 3680 (Xorg)
Sep 15 14:56:57 pop-os kernel: [   97.355304] evdi: [I] (card5) Opened by Task 3680 (Xorg) of process 3680 (Xorg)
Sep 15 14:56:57 pop-os kernel: [   97.355309] evdi: [E] evdi_painter_connect:854 Edid length too small
Sep 15 14:56:57 pop-os kernel: [   97.355310] evdi: [W] evdi_painter_connect_ioctl:989 (card5)(pid=3680) disconnect failed
Sep 15 14:56:57 pop-os kernel: [   97.355312] evdi: [I] (card5) Closed by Task 3680 (Xorg) of process 3680 (Xorg)
Sep 15 14:56:57 pop-os kernel: [   97.355329] evdi: [I] (card2) Opened by Task 3680 (Xorg) of process 3680 (Xorg)
Sep 15 14:56:57 pop-os kernel: [   97.355336] evdi: [I] (card2) Closed by Task 3680 (Xorg) of process 3680 (Xorg)
Sep 15 14:56:57 pop-os kernel: [   97.355352] evdi: [I] (card3) Opened by Task 3680 (Xorg) of process 3680 (Xorg)
Sep 15 14:56:57 pop-os kernel: [   97.355360] evdi: [I] (card3) Closed by Task 3680 (Xorg) of process 3680 (Xorg)
Sep 15 14:56:57 pop-os kernel: [   97.355374] evdi: [I] (card4) Opened by Task 3680 (Xorg) of process 3680 (Xorg)
Sep 15 14:56:57 pop-os kernel: [   97.355379] evdi: [I] (card4) Closed by Task 3680 (Xorg) of process 3680 (Xorg)
Sep 15 14:56:57 pop-os kernel: [   97.355393] evdi: [I] (card5) Opened by Task 3680 (Xorg) of process 3680 (Xorg)
Sep 15 14:56:57 pop-os kernel: [   97.355398] evdi: [I] (card5) Closed by Task 3680 (Xorg) of process 3680 (Xorg)
Sep 15 14:56:57 pop-os kernel: [   97.402277] evdi: [I] (card2) Opened by Task 3680 (Xorg) of process 3680 (Xorg)
Sep 15 14:56:57 pop-os kernel: [   97.410722] evdi: [I] (card3) Opened by Task 3680 (Xorg) of process 3680 (Xorg)
Sep 15 14:56:57 pop-os kernel: [   97.420797] evdi: [I] (card4) Opened by Task 3680 (Xorg) of process 3680 (Xorg)
Sep 15 14:56:57 pop-os kernel: [   97.427558] evdi: [I] (card5) Opened by Task 3680 (Xorg) of process 3680 (Xorg)
Sep 15 14:56:59 pop-os kernel: [   99.543221] rfkill: input handler disabled
Sep 15 14:57:02 pop-os kernel: [  102.611089] evdi: [I] (card5) Closed by Task 1238 (Xorg) of process 1238 (Xorg)
Sep 15 14:57:02 pop-os kernel: [  102.611098] evdi: [I] (card4) Closed by Task 1238 (Xorg) of process 1238 (Xorg)
Sep 15 14:57:02 pop-os kernel: [  102.611102] evdi: [I] (card3) Closed by Task 1238 (Xorg) of process 1238 (Xorg)
Sep 15 14:57:02 pop-os kernel: [  102.611105] evdi: [I] (card2) Closed by Task 1238 (Xorg) of process 1238 (Xorg)
Sep 15 15:01:55 pop-os kernel: [  394.781402] xhci_hcd 0000:01:00.2: xHC error in resume, USBSTS 0x401, Reinit
Sep 15 15:01:55 pop-os kernel: [  394.781406] usb usb3: root hub lost power or was reset
Sep 15 15:01:55 pop-os kernel: [  394.781408] usb usb4: root hub lost power or was reset
Sep 15 15:03:57 pop-os kernel: [  517.424932] wlp0s20f3: deauthenticating from 28:b3:71:58:0f:ac by local choice (Reason: 3=DEAUTH_LEAVING)
Sep 15 15:04:00 pop-os kernel: [  520.179713] xhci_hcd 0000:01:00.2: xHC error in resume, USBSTS 0x401, Reinit
Sep 15 15:04:00 pop-os kernel: [  520.179718] usb usb3: root hub lost power or was reset
Sep 15 15:04:00 pop-os kernel: [  520.179719] usb usb4: root hub lost power or was reset
Sep 15 15:04:03 pop-os kernel: [  523.475306] rfkill: input handler enabled
Sep 15 15:04:03 pop-os kernel: [  523.584142] PM: suspend entry (deep)
Sep 15 15:05:25 pop-os kernel: [  523.590569] Filesystems sync: 0.006 seconds
Sep 15 15:05:25 pop-os kernel: [  523.590960] Freezing user space processes ... (elapsed 0.002 seconds) done.
Sep 15 15:05:25 pop-os kernel: [  523.593091] OOM killer disabled.
Sep 15 15:05:25 pop-os kernel: [  523.593092] Freezing remaining freezable tasks ... (elapsed 0.001 seconds) done.
Sep 15 15:05:25 pop-os kernel: [  523.594386] printk: Suspending console(s) (use no_console_suspend to debug)
Sep 15 15:05:25 pop-os kernel: [  523.805131] psmouse serio2: Failed to disable mouse on isa0060/serio2
Sep 15 15:05:25 pop-os kernel: [  525.596861] ACPI: EC: interrupt blocked
Sep 15 15:05:25 pop-os kernel: [  525.710299] ACPI: PM: Preparing to enter system sleep state S3
Sep 15 15:05:25 pop-os kernel: [  525.714433] ACPI: EC: event blocked
Sep 15 15:05:25 pop-os kernel: [  525.714437] ACPI: EC: EC stopped
Sep 15 15:05:25 pop-os kernel: [  525.714438] ACPI: PM: Saving platform NVS memory
Sep 15 15:05:25 pop-os kernel: [  525.714575] Disabling non-boot CPUs ...
Sep 15 15:05:25 pop-os kernel: [  525.717387] smpboot: CPU 1 is now offline
Sep 15 15:05:25 pop-os kernel: [  525.720767] smpboot: CPU 2 is now offline
Sep 15 15:05:25 pop-os kernel: [  525.723979] smpboot: CPU 3 is now offline
Sep 15 15:05:25 pop-os kernel: [  525.727241] smpboot: CPU 4 is now offline
Sep 15 15:05:25 pop-os kernel: [  525.730179] smpboot: CPU 5 is now offline
Sep 15 15:05:25 pop-os kernel: [  525.733766] smpboot: CPU 6 is now offline
Sep 15 15:05:25 pop-os kernel: [  525.736532] smpboot: CPU 7 is now offline
Sep 15 15:05:25 pop-os kernel: [  525.738971] smpboot: CPU 8 is now offline
Sep 15 15:05:25 pop-os kernel: [  525.741529] smpboot: CPU 9 is now offline
Sep 15 15:05:25 pop-os kernel: [  525.743999] smpboot: CPU 10 is now offline
Sep 15 15:05:25 pop-os kernel: [  525.746297] smpboot: CPU 11 is now offline
Sep 15 15:05:25 pop-os kernel: [  525.755767] ACPI: PM: Low-level resume complete
Sep 15 15:05:25 pop-os kernel: [  525.755818] ACPI: EC: EC started
Sep 15 15:05:25 pop-os kernel: [  525.755819] ACPI: PM: Restoring platform NVS memory
Sep 15 15:05:25 pop-os kernel: [  525.756765] Enabling non-boot CPUs ...
Sep 15 15:05:25 pop-os kernel: [  525.756819] x86: Booting SMP configuration:
Sep 15 15:05:25 pop-os kernel: [  525.756820] smpboot: Booting Node 0 Processor 1 APIC 0x2
Sep 15 15:05:25 pop-os kernel: [  525.760335] CPU1 is up
Sep 15 15:05:25 pop-os kernel: [  525.760370] smpboot: Booting Node 0 Processor 2 APIC 0x4
Sep 15 15:05:25 pop-os kernel: [  525.761156] CPU2 is up
Sep 15 15:05:25 pop-os kernel: [  525.761186] smpboot: Booting Node 0 Processor 3 APIC 0x6
Sep 15 15:05:25 pop-os kernel: [  525.762148] CPU3 is up
Sep 15 15:05:25 pop-os kernel: [  525.762177] smpboot: Booting Node 0 Processor 4 APIC 0x8
Sep 15 15:05:25 pop-os kernel: [  525.764122] CPU4 is up
Sep 15 15:05:25 pop-os kernel: [  525.764147] smpboot: Booting Node 0 Processor 5 APIC 0xa
Sep 15 15:05:25 pop-os kernel: [  525.764941] CPU5 is up
Sep 15 15:05:25 pop-os kernel: [  525.764964] smpboot: Booting Node 0 Processor 6 APIC 0x1
Sep 15 15:05:25 pop-os kernel: [  525.765983] CPU6 is up
Sep 15 15:05:25 pop-os kernel: [  525.766012] smpboot: Booting Node 0 Processor 7 APIC 0x3
Sep 15 15:05:25 pop-os kernel: [  525.766883] CPU7 is up
Sep 15 15:05:25 pop-os kernel: [  525.766908] smpboot: Booting Node 0 Processor 8 APIC 0x5
Sep 15 15:05:25 pop-os kernel: [  525.767817] CPU8 is up
Sep 15 15:05:25 pop-os kernel: [  525.767838] smpboot: Booting Node 0 Processor 9 APIC 0x7
Sep 15 15:05:25 pop-os kernel: [  525.768712] CPU9 is up
Sep 15 15:05:25 pop-os kernel: [  525.768732] smpboot: Booting Node 0 Processor 10 APIC 0x9
Sep 15 15:05:25 pop-os kernel: [  525.769681] CPU10 is up
Sep 15 15:05:25 pop-os kernel: [  525.769701] smpboot: Booting Node 0 Processor 11 APIC 0xb
Sep 15 15:05:25 pop-os kernel: [  525.770758] CPU11 is up
Sep 15 15:05:25 pop-os kernel: [  525.775598] ACPI: PM: Waking up from system sleep state S3
Sep 15 15:05:25 pop-os kernel: [  525.786001] ACPI: EC: interrupt unblocked
Sep 15 15:05:25 pop-os kernel: [  526.926749] iwlwifi 0000:00:14.3: RF_KILL bit toggled to enable radio.
Sep 15 15:05:25 pop-os kernel: [  526.926937] ACPI: EC: event unblocked
Sep 15 15:05:25 pop-os kernel: [  526.928960] i915 0000:00:02.0: [drm] [ENCODER:94:DDI A/PHY A] is disabled/in DSI mode with an ungated DDI clock, gate it
Sep 15 15:05:25 pop-os kernel: [  526.936756] nvme nvme0: Shutdown timeout set to 8 seconds
Sep 15 15:05:25 pop-os kernel: [  526.950250] nvme nvme0: 12/0/0 default/read/poll queues
Sep 15 15:05:25 pop-os kernel: [  526.953034] xhci_hcd 0000:01:00.2: xHC error in resume, USBSTS 0x401, Reinit
Sep 15 15:05:25 pop-os kernel: [  526.953036] usb usb3: root hub lost power or was reset
Sep 15 15:05:25 pop-os kernel: [  526.953037] usb usb4: root hub lost power or was reset
Sep 15 15:05:25 pop-os kernel: [  526.960498] nvme nvme1: Shutdown timeout set to 8 seconds
Sep 15 15:05:25 pop-os kernel: [  526.975187] nvme nvme1: 12/0/0 default/read/poll queues
Sep 15 15:05:25 pop-os kernel: [  527.194891] usb 1-14: reset full-speed USB device number 4 using xhci_hcd
Sep 15 15:05:25 pop-os kernel: [  527.241936] ata5: SATA link down (SStatus 4 SControl 300)
Sep 15 15:05:25 pop-os kernel: [  527.471008] usb 1-10: reset full-speed USB device number 3 using xhci_hcd
Sep 15 15:05:25 pop-os kernel: [  527.746971] usb 1-8: reset high-speed USB device number 2 using xhci_hcd
Sep 15 15:05:25 pop-os kernel: [  529.363274] OOM killer enabled.
Sep 15 15:05:25 pop-os kernel: [  529.363277] Restarting tasks ... 
Sep 15 15:05:25 pop-os kernel: [  529.363441] mei_hdcp 0000:00:16.0-b638ab7e-94e2-4ea2-a552-d1c54b627f04: bound 0000:00:02.0 (ops i915_hdcp_component_ops [i915])
Sep 15 15:05:25 pop-os kernel: [  529.369439] done.
Sep 15 15:05:25 pop-os kernel: [  529.375146] thermal thermal_zone6: failed to read out thermal zone (-61)
Sep 15 15:05:25 pop-os kernel: [  529.375896] PM: suspend exit
Sep 15 15:05:26 pop-os kernel: [  530.060743] rfkill: input handler disabled
Sep 15 15:05:26 pop-os kernel: [  530.155799] Bluetooth: hci0: Bootloader revision 0.1 build 42 week 52 2015
Sep 15 15:05:26 pop-os kernel: [  530.156800] Bluetooth: hci0: Device revision is 2
Sep 15 15:05:26 pop-os kernel: [  530.156802] Bluetooth: hci0: Secure boot is enabled
Sep 15 15:05:26 pop-os kernel: [  530.156803] Bluetooth: hci0: OTP lock is enabled
Sep 15 15:05:26 pop-os kernel: [  530.156804] Bluetooth: hci0: API lock is enabled
Sep 15 15:05:26 pop-os kernel: [  530.156804] Bluetooth: hci0: Debug lock is disabled
Sep 15 15:05:26 pop-os kernel: [  530.156805] Bluetooth: hci0: Minimum firmware build 1 week 10 2014
Sep 15 15:05:26 pop-os kernel: [  530.156808] Bluetooth: hci0: Found device firmware: intel/ibt-17-16-1.sfi
Sep 15 15:05:26 pop-os kernel: [  530.156970] Bluetooth: hci0: Boot Address: 0x40800
Sep 15 15:05:26 pop-os kernel: [  530.156971] Bluetooth: hci0: Firmware Version: 174-4.22
Sep 15 15:05:26 pop-os kernel: [  530.566428] Generic FE-GE Realtek PHY r8169-0-800:00: attached PHY driver (mii_bus:phy_addr=r8169-0-800:00, irq=MAC)
Sep 15 15:05:27 pop-os kernel: [  530.762533] r8169 0000:08:00.0 enp8s0: Link is Down
Sep 15 15:05:27 pop-os kernel: [  531.613959] Bluetooth: hci0: Waiting for firmware download to complete
Sep 15 15:05:27 pop-os kernel: [  531.614784] Bluetooth: hci0: Firmware loaded in 1423805 usecs
Sep 15 15:05:27 pop-os kernel: [  531.614863] Bluetooth: hci0: Waiting for device to boot
Sep 15 15:05:27 pop-os kernel: [  531.628824] Bluetooth: hci0: Device booted in 13707 usecs
Sep 15 15:05:27 pop-os kernel: [  531.628830] Bluetooth: hci0: Found Intel DDC parameters: intel/ibt-17-16-1.ddc
Sep 15 15:05:27 pop-os kernel: [  531.628843] Bluetooth: hci0: Malformed MSFT vendor event: 0x02
Sep 15 15:05:27 pop-os kernel: [  531.630868] Bluetooth: hci0: Applying Intel DDC parameters completed
Sep 15 15:05:27 pop-os kernel: [  531.631862] Bluetooth: hci0: Firmware revision 0.1 build 174 week 4 2022
Sep 15 15:05:29 pop-os kernel: [  533.151044] wlp0s20f3: authenticate with 28:b3:71:58:0f:ac
Sep 15 15:05:29 pop-os kernel: [  533.152525] wlp0s20f3: send auth to 28:b3:71:58:0f:ac (try 1/3)
Sep 15 15:05:29 pop-os kernel: [  533.283579] wlp0s20f3: authenticated
Sep 15 15:05:29 pop-os kernel: [  533.286522] wlp0s20f3: associate with 28:b3:71:58:0f:ac (try 1/3)
Sep 15 15:05:29 pop-os kernel: [  533.290282] wlp0s20f3: RX AssocResp from 28:b3:71:58:0f:ac (capab=0x1011 status=0 aid=16)
Sep 15 15:05:29 pop-os kernel: [  533.292823] wlp0s20f3: associated
Sep 15 15:05:29 pop-os kernel: [  533.379172] wlp0s20f3: Limiting TX power to 23 (23 - 0) dBm as advertised by 28:b3:71:58:0f:ac
Sep 15 15:05:29 pop-os kernel: [  533.478617] IPv6: ADDRCONF(NETDEV_CHANGE): wlp0s20f3: link becomes ready
Sep 15 15:12:01 pop-os kernel: [  925.136104] usb 1-4: new high-speed USB device number 5 using xhci_hcd
Sep 15 15:12:02 pop-os kernel: [  925.297878] usb 1-4: New USB device found, idVendor=04e8, idProduct=6860, bcdDevice= 5.04
Sep 15 15:12:02 pop-os kernel: [  925.297892] usb 1-4: New USB device strings: Mfr=1, Product=2, SerialNumber=3
Sep 15 15:12:02 pop-os kernel: [  925.297899] usb 1-4: Product: SAMSUNG_Android
Sep 15 15:12:02 pop-os kernel: [  925.297903] usb 1-4: Manufacturer: SAMSUNG
Sep 15 15:12:02 pop-os kernel: [  925.297908] usb 1-4: SerialNumber: R5CR40P87DP
Sep 15 15:12:02 pop-os kernel: [  925.344549] cdc_acm 1-4:1.1: ttyACM0: USB ACM device
Sep 15 15:12:02 pop-os kernel: [  925.344571] usbcore: registered new interface driver cdc_acm
Sep 15 15:12:02 pop-os kernel: [  925.344572] cdc_acm: USB Abstract Control Model driver for USB modems and ISDN adapters
Sep 15 15:13:03 pop-os kernel: [  987.231991] atkbd serio0: Unknown key pressed (translated set 2, code 0x6f on isa0060/serio0).
Sep 15 15:13:03 pop-os kernel: [  987.231998] atkbd serio0: Use 'setkeycodes 6f <keycode>' to make it known.
Sep 15 15:13:04 pop-os kernel: [  987.418727] atkbd serio0: Unknown key released (translated set 2, code 0x6f on isa0060/serio0).
Sep 15 15:13:04 pop-os kernel: [  987.418733] atkbd serio0: Use 'setkeycodes 6f <keycode>' to make it known.
Sep 15 15:13:04 pop-os kernel: [  987.554355] atkbd serio0: Unknown key pressed (translated set 2, code 0x6f on isa0060/serio0).
Sep 15 15:13:04 pop-os kernel: [  987.554369] atkbd serio0: Use 'setkeycodes 6f <keycode>' to make it known.
Sep 15 15:13:05 pop-os kernel: [  989.182442] atkbd serio0: Unknown key released (translated set 2, code 0x6f on isa0060/serio0).
Sep 15 15:13:05 pop-os kernel: [  989.182454] atkbd serio0: Use 'setkeycodes 6f <keycode>' to make it known.
Sep 15 15:40:19 pop-os kernel: [ 2622.357333] usb 1-4: USB disconnect, device number 5
Sep 15 15:40:19 pop-os kernel: [ 2622.691922] usb 1-4: new high-speed USB device number 6 using xhci_hcd
Sep 15 15:40:19 pop-os kernel: [ 2622.841661] usb 1-4: New USB device found, idVendor=04e8, idProduct=6860, bcdDevice= 5.04
Sep 15 15:40:19 pop-os kernel: [ 2622.841674] usb 1-4: New USB device strings: Mfr=1, Product=2, SerialNumber=3
Sep 15 15:40:19 pop-os kernel: [ 2622.841681] usb 1-4: Product: SAMSUNG_Android
Sep 15 15:40:19 pop-os kernel: [ 2622.841686] usb 1-4: Manufacturer: SAMSUNG
Sep 15 15:40:19 pop-os kernel: [ 2622.841690] usb 1-4: SerialNumber: R5CR40P87DP
Sep 15 15:40:19 pop-os kernel: [ 2622.847997] cdc_acm 1-4:1.1: ttyACM0: USB ACM device
Sep 15 15:44:37 pop-os kernel: [ 2881.109791] usb 1-4: USB disconnect, device number 6
Sep 15 15:44:38 pop-os kernel: [ 2881.657302] usb 1-4: new high-speed USB device number 7 using xhci_hcd
Sep 15 15:44:38 pop-os kernel: [ 2881.814490] usb 1-4: New USB device found, idVendor=04e8, idProduct=6860, bcdDevice= 5.04
Sep 15 15:44:38 pop-os kernel: [ 2881.814496] usb 1-4: New USB device strings: Mfr=1, Product=2, SerialNumber=3
Sep 15 15:44:38 pop-os kernel: [ 2881.814498] usb 1-4: Product: SAMSUNG_Android
Sep 15 15:44:38 pop-os kernel: [ 2881.814500] usb 1-4: Manufacturer: SAMSUNG
Sep 15 15:44:38 pop-os kernel: [ 2881.814501] usb 1-4: SerialNumber: R5CR40P87DP
Sep 15 15:44:38 pop-os kernel: [ 2881.818398] cdc_acm 1-4:1.1: ttyACM0: USB ACM device
Sep 15 16:21:27 pop-os kernel: [ 5090.990421] wlp0s20f3: disconnect from AP 28:b3:71:58:0f:ac for new auth to c8:08:73:50:21:7c
Sep 15 16:21:27 pop-os kernel: [ 5091.115694] wlp0s20f3: authenticate with c8:08:73:50:21:7c
Sep 15 16:21:27 pop-os kernel: [ 5091.122111] wlp0s20f3: send auth to c8:08:73:50:21:7c (try 1/3)
Sep 15 16:21:27 pop-os kernel: [ 5091.171702] wlp0s20f3: authenticated
Sep 15 16:21:27 pop-os kernel: [ 5091.177529] wlp0s20f3: associate with c8:08:73:50:21:7c (try 1/3)
Sep 15 16:21:27 pop-os kernel: [ 5091.180595] wlp0s20f3: RX ReassocResp from c8:08:73:50:21:7c (capab=0x1011 status=0 aid=5)
Sep 15 16:21:27 pop-os kernel: [ 5091.182391] wlp0s20f3: associated
Sep 15 16:21:27 pop-os kernel: [ 5091.191457] wlp0s20f3: Limiting TX power to 30 (30 - 0) dBm as advertised by c8:08:73:50:21:7c
Sep 15 16:28:44 pop-os kernel: [ 5528.158870] usb 1-4: USB disconnect, device number 7
Sep 15 16:28:51 pop-os kernel: [ 5534.869570] usb 1-4: new high-speed USB device number 8 using xhci_hcd
Sep 15 16:28:51 pop-os kernel: [ 5535.019088] usb 1-4: New USB device found, idVendor=04e8, idProduct=6860, bcdDevice= 5.04
Sep 15 16:28:51 pop-os kernel: [ 5535.019098] usb 1-4: New USB device strings: Mfr=1, Product=2, SerialNumber=3
Sep 15 16:28:51 pop-os kernel: [ 5535.019103] usb 1-4: Product: SAMSUNG_Android
Sep 15 16:28:51 pop-os kernel: [ 5535.019107] usb 1-4: Manufacturer: SAMSUNG
Sep 15 16:28:51 pop-os kernel: [ 5535.019110] usb 1-4: SerialNumber: R5CR10Z4QKA
Sep 15 16:28:51 pop-os kernel: [ 5535.024353] cdc_acm 1-4:1.1: ttyACM0: USB ACM device
Sep 15 16:28:56 pop-os kernel: [ 5539.666959] usb 1-4: USB disconnect, device number 8
Sep 15 16:28:56 pop-os kernel: [ 5539.695305] wlp0s20f3: authenticate with 80:03:84:5b:3f:1c
Sep 15 16:28:56 pop-os kernel: [ 5539.700504] wlp0s20f3: send auth to 80:03:84:5b:3f:1c (try 1/3)
Sep 15 16:28:56 pop-os kernel: [ 5539.742068] wlp0s20f3: authenticated
Sep 15 16:28:56 pop-os kernel: [ 5539.749667] wlp0s20f3: associate with 80:03:84:5b:3f:1c (try 1/3)
Sep 15 16:28:56 pop-os kernel: [ 5539.752318] wlp0s20f3: RX AssocResp from 80:03:84:5b:3f:1c (capab=0x1011 status=0 aid=7)
Sep 15 16:28:56 pop-os kernel: [ 5539.754357] wlp0s20f3: associated
Sep 15 16:28:56 pop-os kernel: [ 5539.836560] wlp0s20f3: Limiting TX power to 30 (30 - 0) dBm as advertised by 80:03:84:5b:3f:1c
Sep 15 16:28:56 pop-os kernel: [ 5540.181698] usb 1-4: new high-speed USB device number 9 using xhci_hcd
Sep 15 16:28:56 pop-os kernel: [ 5540.335663] usb 1-4: New USB device found, idVendor=04e8, idProduct=6860, bcdDevice= 5.04
Sep 15 16:28:56 pop-os kernel: [ 5540.335672] usb 1-4: New USB device strings: Mfr=1, Product=2, SerialNumber=3
Sep 15 16:28:56 pop-os kernel: [ 5540.335676] usb 1-4: Product: SAMSUNG_Android
Sep 15 16:28:56 pop-os kernel: [ 5540.335679] usb 1-4: Manufacturer: SAMSUNG
Sep 15 16:28:56 pop-os kernel: [ 5540.335682] usb 1-4: SerialNumber: R5CR10Z4QKA
Sep 15 16:44:27 pop-os kernel: [ 6470.470784] usb 1-4: USB disconnect, device number 9
Sep 15 16:44:44 pop-os kernel: [ 6487.391792] usb 1-4: new high-speed USB device number 10 using xhci_hcd
Sep 15 16:44:44 pop-os kernel: [ 6487.549439] usb 1-4: New USB device found, idVendor=04e8, idProduct=6860, bcdDevice= 5.04
Sep 15 16:44:44 pop-os kernel: [ 6487.549445] usb 1-4: New USB device strings: Mfr=1, Product=2, SerialNumber=3
Sep 15 16:44:44 pop-os kernel: [ 6487.549447] usb 1-4: Product: SAMSUNG_Android
Sep 15 16:44:44 pop-os kernel: [ 6487.549449] usb 1-4: Manufacturer: SAMSUNG
Sep 15 16:44:44 pop-os kernel: [ 6487.549451] usb 1-4: SerialNumber: R5CR10Z4QKA
Sep 15 16:44:44 pop-os kernel: [ 6487.555190] cdc_acm 1-4:1.1: ttyACM0: USB ACM device
Sep 15 16:44:55 pop-os kernel: [ 6498.698357] usb 1-4: USB disconnect, device number 10
Sep 15 16:44:55 pop-os kernel: [ 6499.235876] usb 1-4: new high-speed USB device number 11 using xhci_hcd
Sep 15 16:44:56 pop-os kernel: [ 6499.397324] usb 1-4: New USB device found, idVendor=04e8, idProduct=6860, bcdDevice= 5.04
Sep 15 16:44:56 pop-os kernel: [ 6499.397335] usb 1-4: New USB device strings: Mfr=1, Product=2, SerialNumber=3
Sep 15 16:44:56 pop-os kernel: [ 6499.397340] usb 1-4: Product: SAMSUNG_Android
Sep 15 16:44:56 pop-os kernel: [ 6499.397344] usb 1-4: Manufacturer: SAMSUNG
Sep 15 16:44:56 pop-os kernel: [ 6499.397348] usb 1-4: SerialNumber: R5CR10Z4QKA
Sep 15 17:15:54 pop-os kernel: [ 8357.985210] wlp0s20f3: authenticate with c8:08:73:50:21:7c
Sep 15 17:15:54 pop-os kernel: [ 8357.991671] wlp0s20f3: send auth to c8:08:73:50:21:7c (try 1/3)
Sep 15 17:15:54 pop-os kernel: [ 8358.033495] wlp0s20f3: authenticated
Sep 15 17:15:54 pop-os kernel: [ 8358.035798] wlp0s20f3: associate with c8:08:73:50:21:7c (try 1/3)
Sep 15 17:15:54 pop-os kernel: [ 8358.039286] wlp0s20f3: RX AssocResp from c8:08:73:50:21:7c (capab=0x1011 status=0 aid=3)
Sep 15 17:15:54 pop-os kernel: [ 8358.040987] wlp0s20f3: associated
Sep 15 17:15:54 pop-os kernel: [ 8358.118803] wlp0s20f3: Limiting TX power to 23 (23 - 0) dBm as advertised by c8:08:73:50:21:7c
Sep 15 17:24:40 pop-os kernel: [ 8884.316866] xhci_hcd 0000:01:00.2: xHC error in resume, USBSTS 0x401, Reinit
Sep 15 17:24:40 pop-os kernel: [ 8884.316870] usb usb3: root hub lost power or was reset
Sep 15 17:24:40 pop-os kernel: [ 8884.316872] usb usb4: root hub lost power or was reset
Sep 15 17:58:55 pop-os kernel: [10938.562977] wlp0s20f3: Connection to AP c8:08:73:50:21:7c lost
Sep 15 17:58:57 pop-os kernel: [10940.619093] iwlwifi 0000:00:14.3: fail to flush all tx fifo queues Q 5
Sep 15 17:58:57 pop-os kernel: [10940.619161] iwlwifi 0000:00:14.3: Queue 5 is active on fifo 3 and stuck for 10000 ms. SW [14, 15] HW [14, 15] FH TRB=0x08030500d
Sep 15 17:58:57 pop-os kernel: [10940.725437] wlp0s20f3: authenticate with c8:08:73:50:1f:ec
Sep 15 17:58:57 pop-os kernel: [10940.729853] wlp0s20f3: send auth to c8:08:73:50:1f:ec (try 1/3)
Sep 15 17:58:57 pop-os kernel: [10940.768878] wlp0s20f3: authenticated
Sep 15 17:58:57 pop-os kernel: [10940.773054] wlp0s20f3: associate with c8:08:73:50:1f:ec (try 1/3)
Sep 15 17:58:57 pop-os kernel: [10940.775192] wlp0s20f3: RX AssocResp from c8:08:73:50:1f:ec (capab=0x1011 status=0 aid=10)
Sep 15 17:58:57 pop-os kernel: [10940.777485] wlp0s20f3: associated
Sep 15 17:58:57 pop-os kernel: [10940.860302] wlp0s20f3: Limiting TX power to 30 (30 - 0) dBm as advertised by c8:08:73:50:1f:ec
Sep 15 17:59:23 pop-os kernel: [10966.752373] usb 1-4: USB disconnect, device number 11
Sep 15 18:01:50 pop-os kernel: [11113.738479] atkbd serio0: Unknown key pressed (translated set 2, code 0x6f on isa0060/serio0).
Sep 15 18:01:50 pop-os kernel: [11113.738483] atkbd serio0: Use 'setkeycodes 6f <keycode>' to make it known.
Sep 15 18:01:54 pop-os kernel: [11117.656943] atkbd serio0: Unknown key released (translated set 2, code 0x6f on isa0060/serio0).
Sep 15 18:01:54 pop-os kernel: [11117.656950] atkbd serio0: Use 'setkeycodes 6f <keycode>' to make it known.
Sep 15 18:02:56 pop-os kernel: [11180.385774] rfkill: input handler enabled
Sep 19 12:02:35 pop-os kernel: [    0.000000] microcode: microcode updated early to revision 0xf0, date = 2021-11-15
Sep 19 12:02:35 pop-os kernel: [    0.000000] Linux version 5.19.0-76051900-generic (jenkins@warp.pop-os.org) (x86_64-linux-gnu-gcc-11 (Ubuntu 11.2.0-19ubuntu1) 11.2.0, GNU ld (GNU Binutils for Ubuntu) 2.38) #202207312230~1660780566~22.04~9d60db1 SMP PREEMPT_DYNAMIC Thu A
Sep 19 12:02:35 pop-os kernel: [    0.000000] Command line: initrd=\EFI\Pop_OS-94c205df-e6c5-4020-9bf5-a3658653f468\initrd.img root=UUID=94c205df-e6c5-4020-9bf5-a3658653f468 ro quiet loglevel=0 systemd.show_status=false snd_hda_intel.probe_mask=1 splash
Sep 19 12:02:35 pop-os kernel: [    0.000000] KERNEL supported cpus:
Sep 19 12:02:35 pop-os kernel: [    0.000000]   Intel GenuineIntel
Sep 19 12:02:35 pop-os kernel: [    0.000000]   AMD AuthenticAMD
Sep 19 12:02:35 pop-os kernel: [    0.000000]   Hygon HygonGenuine
Sep 19 12:02:35 pop-os kernel: [    0.000000]   Centaur CentaurHauls
Sep 19 12:02:35 pop-os kernel: [    0.000000]   zhaoxin   Shanghai  
Sep 19 12:02:35 pop-os kernel: [    0.000000] x86/fpu: Supporting XSAVE feature 0x001: 'x87 floating point registers'
Sep 19 12:02:35 pop-os kernel: [    0.000000] x86/fpu: Supporting XSAVE feature 0x002: 'SSE registers'
Sep 19 12:02:35 pop-os kernel: [    0.000000] x86/fpu: Supporting XSAVE feature 0x004: 'AVX registers'
Sep 19 12:02:35 pop-os kernel: [    0.000000] x86/fpu: Supporting XSAVE feature 0x008: 'MPX bounds registers'
Sep 19 12:02:35 pop-os kernel: [    0.000000] x86/fpu: Supporting XSAVE feature 0x010: 'MPX CSR'
Sep 19 12:02:35 pop-os kernel: [    0.000000] x86/fpu: xstate_offset[2]:  576, xstate_sizes[2]:  256
Sep 19 12:02:35 pop-os kernel: [    0.000000] x86/fpu: xstate_offset[3]:  832, xstate_sizes[3]:   64
Sep 19 12:02:35 pop-os kernel: [    0.000000] x86/fpu: xstate_offset[4]:  896, xstate_sizes[4]:   64
Sep 19 12:02:35 pop-os kernel: [    0.000000] x86/fpu: Enabled xstate features 0x1f, context size is 960 bytes, using 'compacted' format.
Sep 19 12:02:35 pop-os kernel: [    0.000000] signal: max sigframe size: 2032
Sep 19 12:02:35 pop-os kernel: [    0.000000] BIOS-provided physical RAM map:
Sep 19 12:02:35 pop-os kernel: [    0.000000] BIOS-e820: [mem 0x0000000000000000-0x000000000009efff] usable
Sep 19 12:02:35 pop-os kernel: [    0.000000] BIOS-e820: [mem 0x000000000009f000-0x00000000000fffff] reserved
Sep 19 12:02:35 pop-os kernel: [    0.000000] BIOS-e820: [mem 0x0000000000100000-0x0000000067457fff] usable
Sep 19 12:02:35 pop-os kernel: [    0.000000] BIOS-e820: [mem 0x0000000067458000-0x0000000067d57fff] reserved
Sep 19 12:02:35 pop-os kernel: [    0.000000] BIOS-e820: [mem 0x0000000067d58000-0x000000007df6efff] usable
Sep 19 12:02:35 pop-os kernel: [    0.000000] BIOS-e820: [mem 0x000000007df6f000-0x000000007f59efff] reserved
Sep 19 12:02:35 pop-os kernel: [    0.000000] BIOS-e820: [mem 0x000000007f59f000-0x000000007fc8efff] ACPI NVS
Sep 19 12:02:35 pop-os kernel: [    0.000000] BIOS-e820: [mem 0x000000007fc8f000-0x000000007fd0efff] ACPI data
Sep 19 12:02:35 pop-os kernel: [    0.000000] BIOS-e820: [mem 0x000000007fd0f000-0x000000007fd0ffff] usable
Sep 19 12:02:35 pop-os kernel: [    0.000000] BIOS-e820: [mem 0x000000007fd10000-0x000000008d7fffff] reserved
Sep 19 12:02:35 pop-os kernel: [    0.000000] BIOS-e820: [mem 0x00000000e0000000-0x00000000efffffff] reserved
Sep 19 12:02:35 pop-os kernel: [    0.000000] BIOS-e820: [mem 0x00000000fe000000-0x00000000fe010fff] reserved
Sep 19 12:02:35 pop-os kernel: [    0.000000] BIOS-e820: [mem 0x00000000fed10000-0x00000000fed19fff] reserved
Sep 19 12:02:35 pop-os kernel: [    0.000000] BIOS-e820: [mem 0x00000000fed84000-0x00000000fed84fff] reserved
Sep 19 12:02:35 pop-os kernel: [    0.000000] BIOS-e820: [mem 0x00000000fee00000-0x00000000fee00fff] reserved
Sep 19 12:02:35 pop-os kernel: [    0.000000] BIOS-e820: [mem 0x00000000ff600000-0x00000000ffffffff] reserved
Sep 19 12:02:35 pop-os kernel: [    0.000000] BIOS-e820: [mem 0x0000000100000000-0x00000008707fffff] usable
Sep 19 12:02:35 pop-os kernel: [    0.000000] NX (Execute Disable) protection: active
Sep 19 12:02:35 pop-os kernel: [    0.000000] e820: update [mem 0x5aea9018-0x5aec8e57] usable ==> usable
Sep 19 12:02:35 pop-os kernel: [    0.000000] e820: update [mem 0x5aea9018-0x5aec8e57] usable ==> usable
Sep 19 12:02:35 pop-os kernel: [    0.000000] e820: update [mem 0x5ae98018-0x5aea8057] usable ==> usable
Sep 19 12:02:35 pop-os kernel: [    0.000000] e820: update [mem 0x5ae98018-0x5aea8057] usable ==> usable
Sep 19 12:02:35 pop-os kernel: [    0.000000] extended physical RAM map:
Sep 19 12:02:35 pop-os kernel: [    0.000000] reserve setup_data: [mem 0x0000000000000000-0x000000000009efff] usable
Sep 19 12:02:35 pop-os kernel: [    0.000000] reserve setup_data: [mem 0x000000000009f000-0x00000000000fffff] reserved
Sep 19 12:02:35 pop-os kernel: [    0.000000] reserve setup_data: [mem 0x0000000000100000-0x000000005ae98017] usable
Sep 19 12:02:35 pop-os kernel: [    0.000000] reserve setup_data: [mem 0x000000005ae98018-0x000000005aea8057] usable
Sep 19 12:02:35 pop-os kernel: [    0.000000] reserve setup_data: [mem 0x000000005aea8058-0x000000005aea9017] usable
Sep 19 12:02:35 pop-os kernel: [    0.000000] reserve setup_data: [mem 0x000000005aea9018-0x000000005aec8e57] usable
Sep 19 12:02:35 pop-os kernel: [    0.000000] reserve setup_data: [mem 0x000000005aec8e58-0x0000000067457fff] usable
Sep 19 12:02:35 pop-os kernel: [    0.000000] reserve setup_data: [mem 0x0000000067458000-0x0000000067d57fff] reserved
Sep 19 12:02:35 pop-os kernel: [    0.000000] reserve setup_data: [mem 0x0000000067d58000-0x000000007df6efff] usable
Sep 19 12:02:35 pop-os kernel: [    0.000000] reserve setup_data: [mem 0x000000007df6f000-0x000000007f59efff] reserved
Sep 19 12:02:35 pop-os kernel: [    0.000000] reserve setup_data: [mem 0x000000007f59f000-0x000000007fc8efff] ACPI NVS
Sep 19 12:02:35 pop-os kernel: [    0.000000] reserve setup_data: [mem 0x000000007fc8f000-0x000000007fd0efff] ACPI data
Sep 19 12:02:35 pop-os kernel: [    0.000000] reserve setup_data: [mem 0x000000007fd0f000-0x000000007fd0ffff] usable
Sep 19 12:02:35 pop-os kernel: [    0.000000] reserve setup_data: [mem 0x000000007fd10000-0x000000008d7fffff] reserved
Sep 19 12:02:35 pop-os kernel: [    0.000000] reserve setup_data: [mem 0x00000000e0000000-0x00000000efffffff] reserved
Sep 19 12:02:35 pop-os kernel: [    0.000000] reserve setup_data: [mem 0x00000000fe000000-0x00000000fe010fff] reserved
Sep 19 12:02:35 pop-os kernel: [    0.000000] reserve setup_data: [mem 0x00000000fed10000-0x00000000fed19fff] reserved
Sep 19 12:02:35 pop-os kernel: [    0.000000] reserve setup_data: [mem 0x00000000fed84000-0x00000000fed84fff] reserved
Sep 19 12:02:35 pop-os kernel: [    0.000000] reserve setup_data: [mem 0x00000000fee00000-0x00000000fee00fff] reserved
Sep 19 12:02:35 pop-os kernel: [    0.000000] reserve setup_data: [mem 0x00000000ff600000-0x00000000ffffffff] reserved
Sep 19 12:02:35 pop-os kernel: [    0.000000] reserve setup_data: [mem 0x0000000100000000-0x00000008707fffff] usable
Sep 19 12:02:35 pop-os kernel: [    0.000000] efi: EFI v2.60 by INSYDE Corp.
Sep 19 12:02:35 pop-os kernel: [    0.000000] efi: ACPI=0x7fd0e000 ACPI 2.0=0x7fd0e014 SMBIOS=0x7e323000 SMBIOS 3.0=0x7e321000 ESRT=0x7e31f898 MEMATTR=0x6e463018 RNG=0x7e67ee98 
Sep 19 12:02:35 pop-os kernel: [    0.000000] efi: seeding entropy pool
Sep 19 12:02:35 pop-os kernel: [    0.000000] random: crng init done
Sep 19 12:02:35 pop-os kernel: [    0.000000] SMBIOS 3.0.1 present.
Sep 19 12:02:35 pop-os kernel: [    0.000000] DMI: System76 Oryx Pro/Oryx Pro, BIOS 1.07.09-1 06/13/2019
Sep 19 12:02:35 pop-os kernel: [    0.000000] tsc: Detected 2200.000 MHz processor
Sep 19 12:02:35 pop-os kernel: [    0.000000] tsc: Detected 2199.996 MHz TSC
Sep 19 12:02:35 pop-os kernel: [    0.000008] e820: update [mem 0x00000000-0x00000fff] usable ==> reserved
Sep 19 12:02:35 pop-os kernel: [    0.000012] e820: remove [mem 0x000a0000-0x000fffff] usable
Sep 19 12:02:35 pop-os kernel: [    0.000026] last_pfn = 0x870800 max_arch_pfn = 0x400000000
Sep 19 12:02:35 pop-os kernel: [    0.000275] x86/PAT: Configuration [0-7]: WB  WC  UC- UC  WB  WP  UC- WT  
Sep 19 12:02:35 pop-os kernel: [    0.001229] last_pfn = 0x7fd10 max_arch_pfn = 0x400000000
Sep 19 12:02:35 pop-os kernel: [    0.012601] esrt: Reserving ESRT space from 0x000000007e31f898 to 0x000000007e31f920.
Sep 19 12:02:35 pop-os kernel: [    0.012616] Using GB pages for direct mapping
Sep 19 12:02:35 pop-os kernel: [    0.013151] Secure boot disabled
Sep 19 12:02:35 pop-os kernel: [    0.013152] RAMDISK: [mem 0x5aec9000-0x64ca8fff]
Sep 19 12:02:35 pop-os kernel: [    0.013160] ACPI: Early table checksum verification disabled
Sep 19 12:02:35 pop-os kernel: [    0.013164] ACPI: RSDP 0x000000007FD0E014 000024 (v02 INSYDE)
Sep 19 12:02:35 pop-os kernel: [    0.013169] ACPI: XSDT 0x000000007FCBB188 0000CC (v01 INSYDE CNLH     00000001      01000013)
Sep 19 12:02:35 pop-os kernel: [    0.013177] ACPI: FACP 0x000000007FCF5000 00010C (v05 INSYDE CNLH     00000001 ACPI 00040000)
Sep 19 12:02:35 pop-os kernel: [    0.013185] ACPI: DSDT 0x000000007FCC2000 02F0B5 (v02 INSYDE CNLH     00000000 ACPI 00040000)
Sep 19 12:02:35 pop-os kernel: [    0.013189] ACPI: FACS 0x000000007FC0F000 000040
Sep 19 12:02:35 pop-os kernel: [    0.013193] ACPI: SSDT 0x000000007FD0B000 001B1C (v02 CpuRef CpuSsdt  00003000 INTL 20160422)
Sep 19 12:02:35 pop-os kernel: [    0.013198] ACPI: SSDT 0x000000007FD07000 0031F3 (v02 SaSsdt SaSsdt   00003000 INTL 20160422)
Sep 19 12:02:35 pop-os kernel: [    0.013202] ACPI: SSDT 0x000000007FD05000 001883 (v02 PegSsd PegSsdt  00001000 INTL 20160422)
Sep 19 12:02:35 pop-os kernel: [    0.013206] ACPI: SSDT 0x000000007FCFE000 004A41 (v02 DptfTa DptfTabl 00001000 INTL 20160422)
Sep 19 12:02:35 pop-os kernel: [    0.013211] ACPI: SSDT 0x000000007FCFA000 00166A (v02 INTEL  PtidDevc 00001000 INTL 20160422)
Sep 19 12:02:35 pop-os kernel: [    0.013215] ACPI: SSDT 0x000000007FCF7000 000444 (v02 Intel  PerfTune 00001000 INTL 20160422)
Sep 19 12:02:35 pop-os kernel: [    0.013219] ACPI: SSDT 0x000000007FCBD000 0036F1 (v01 Insyde NvdTable 00001000 INTL 20160422)
Sep 19 12:02:35 pop-os kernel: [    0.013223] ACPI: UEFI 0x000000007FD0D000 000236 (v01 INSYDE CNLH     00000001 ACPI 00040000)
Sep 19 12:02:35 pop-os kernel: [    0.013227] ACPI: UEFI 0x000000007FD04000 000042 (v01 INSYDE CNLH     00000002 ACPI 00040000)
Sep 19 12:02:35 pop-os kernel: [    0.013232] ACPI: LPIT 0x000000007FCFD000 00005C (v01 INSYDE CNLH     00000002 ACPI 00040000)
Sep 19 12:02:35 pop-os kernel: [    0.013236] ACPI: WSMT 0x000000007FCFC000 000028 (v01 INSYDE CNLH     00000002 ACPI 00040000)
Sep 19 12:02:35 pop-os kernel: [    0.013240] ACPI: DBGP 0x000000007FCF9000 000034 (v01 INSYDE CNLH     00000002 ACPI 00040000)
Sep 19 12:02:35 pop-os kernel: [    0.013244] ACPI: DBG2 0x000000007FCF8000 000061 (v00 INSYDE CNLH     00000002 ACPI 00040000)
Sep 19 12:02:35 pop-os kernel: [    0.013248] ACPI: ASF! 0x000000007FCF6000 0000A5 (v32 INSYDE CNLH     00000001 ACPI 00040000)
Sep 19 12:02:35 pop-os kernel: [    0.013253] ACPI: HPET 0x000000007FCF4000 000038 (v01 INSYDE CNLH     00000001 ACPI 00040000)
Sep 19 12:02:35 pop-os kernel: [    0.013257] ACPI: APIC 0x000000007FCF3000 00012C (v03 INSYDE CNLH     00000001 ACPI 00040000)
Sep 19 12:02:35 pop-os kernel: [    0.013261] ACPI: MCFG 0x000000007FCF2000 00003C (v01 INSYDE CNLH     00000001 ACPI 00040000)
Sep 19 12:02:35 pop-os kernel: [    0.013265] ACPI: DMAR 0x000000007FCC1000 0000A8 (v01 INSYDE CNLH     00000002 ACPI 00040000)
Sep 19 12:02:35 pop-os kernel: [    0.013269] ACPI: FPDT 0x000000007FCBC000 000044 (v01 INSYDE CNLH     00000002 ACPI 00040000)
Sep 19 12:02:35 pop-os kernel: [    0.013274] ACPI: BGRT 0x000000007FCBA000 000038 (v01 INSYDE CNLH     00000001 ACPI 00040000)
Sep 19 12:02:35 pop-os kernel: [    0.013277] ACPI: Reserving FACP table memory at [mem 0x7fcf5000-0x7fcf510b]
Sep 19 12:02:35 pop-os kernel: [    0.013279] ACPI: Reserving DSDT table memory at [mem 0x7fcc2000-0x7fcf10b4]
Sep 19 12:02:35 pop-os kernel: [    0.013296] ACPI: Reserving FACS table memory at [mem 0x7fc0f000-0x7fc0f03f]
Sep 19 12:02:35 pop-os kernel: [    0.013297] ACPI: Reserving SSDT table memory at [mem 0x7fd0b000-0x7fd0cb1b]
Sep 19 12:02:35 pop-os kernel: [    0.013299] ACPI: Reserving SSDT table memory at [mem 0x7fd07000-0x7fd0a1f2]
Sep 19 12:02:35 pop-os kernel: [    0.013300] ACPI: Reserving SSDT table memory at [mem 0x7fd05000-0x7fd06882]
Sep 19 12:02:35 pop-os kernel: [    0.013301] ACPI: Reserving SSDT table memory at [mem 0x7fcfe000-0x7fd02a40]
Sep 19 12:02:35 pop-os kernel: [    0.013302] ACPI: Reserving SSDT table memory at [mem 0x7fcfa000-0x7fcfb669]
Sep 19 12:02:35 pop-os kernel: [    0.013303] ACPI: Reserving SSDT table memory at [mem 0x7fcf7000-0x7fcf7443]
Sep 19 12:02:35 pop-os kernel: [    0.013305] ACPI: Reserving SSDT table memory at [mem 0x7fcbd000-0x7fcc06f0]
Sep 19 12:02:35 pop-os kernel: [    0.013306] ACPI: Reserving UEFI table memory at [mem 0x7fd0d000-0x7fd0d235]
Sep 19 12:02:35 pop-os kernel: [    0.013307] ACPI: Reserving UEFI table memory at [mem 0x7fd04000-0x7fd04041]
Sep 19 12:02:35 pop-os kernel: [    0.013308] ACPI: Reserving LPIT table memory at [mem 0x7fcfd000-0x7fcfd05b]
Sep 19 12:02:35 pop-os kernel: [    0.013310] ACPI: Reserving WSMT table memory at [mem 0x7fcfc000-0x7fcfc027]
Sep 19 12:02:35 pop-os kernel: [    0.013311] ACPI: Reserving DBGP table memory at [mem 0x7fcf9000-0x7fcf9033]
Sep 19 12:02:35 pop-os kernel: [    0.013312] ACPI: Reserving DBG2 table memory at [mem 0x7fcf8000-0x7fcf8060]
Sep 19 12:02:35 pop-os kernel: [    0.013313] ACPI: Reserving ASF! table memory at [mem 0x7fcf6000-0x7fcf60a4]
Sep 19 12:02:35 pop-os kernel: [    0.013315] ACPI: Reserving HPET table memory at [mem 0x7fcf4000-0x7fcf4037]
Sep 19 12:02:35 pop-os kernel: [    0.013316] ACPI: Reserving APIC table memory at [mem 0x7fcf3000-0x7fcf312b]
Sep 19 12:02:35 pop-os kernel: [    0.013317] ACPI: Reserving MCFG table memory at [mem 0x7fcf2000-0x7fcf203b]
Sep 19 12:02:35 pop-os kernel: [    0.013318] ACPI: Reserving DMAR table memory at [mem 0x7fcc1000-0x7fcc10a7]
Sep 19 12:02:35 pop-os kernel: [    0.013320] ACPI: Reserving FPDT table memory at [mem 0x7fcbc000-0x7fcbc043]
Sep 19 12:02:35 pop-os kernel: [    0.013321] ACPI: Reserving BGRT table memory at [mem 0x7fcba000-0x7fcba037]
Sep 19 12:02:35 pop-os kernel: [    0.013767] No NUMA configuration found
Sep 19 12:02:35 pop-os kernel: [    0.013768] Faking a node at [mem 0x0000000000000000-0x00000008707fffff]
Sep 19 12:02:35 pop-os kernel: [    0.013780] NODE_DATA(0) allocated [mem 0x8707d5000-0x8707fffff]
Sep 19 12:02:35 pop-os kernel: [    0.014308] Zone ranges:
Sep 19 12:02:35 pop-os kernel: [    0.014309]   DMA      [mem 0x0000000000001000-0x0000000000ffffff]
Sep 19 12:02:35 pop-os kernel: [    0.014312]   DMA32    [mem 0x0000000001000000-0x00000000ffffffff]
Sep 19 12:02:35 pop-os kernel: [    0.014314]   Normal   [mem 0x0000000100000000-0x00000008707fffff]
Sep 19 12:02:35 pop-os kernel: [    0.014316]   Device   empty
Sep 19 12:02:35 pop-os kernel: [    0.014317] Movable zone start for each node
Sep 19 12:02:35 pop-os kernel: [    0.014321] Early memory node ranges
Sep 19 12:02:35 pop-os kernel: [    0.014321]   node   0: [mem 0x0000000000001000-0x000000000009efff]
Sep 19 12:02:35 pop-os kernel: [    0.014323]   node   0: [mem 0x0000000000100000-0x0000000067457fff]
Sep 19 12:02:35 pop-os kernel: [    0.014325]   node   0: [mem 0x0000000067d58000-0x000000007df6efff]
Sep 19 12:02:35 pop-os kernel: [    0.014326]   node   0: [mem 0x000000007fd0f000-0x000000007fd0ffff]
Sep 19 12:02:35 pop-os kernel: [    0.014327]   node   0: [mem 0x0000000100000000-0x00000008707fffff]
Sep 19 12:02:35 pop-os kernel: [    0.014333] Initmem setup node 0 [mem 0x0000000000001000-0x00000008707fffff]
Sep 19 12:02:35 pop-os kernel: [    0.014339] On node 0, zone DMA: 1 pages in unavailable ranges
Sep 19 12:02:35 pop-os kernel: [    0.014375] On node 0, zone DMA: 97 pages in unavailable ranges
Sep 19 12:02:35 pop-os kernel: [    0.018812] On node 0, zone DMA32: 2304 pages in unavailable ranges
Sep 19 12:02:35 pop-os kernel: [    0.018941] On node 0, zone DMA32: 7584 pages in unavailable ranges
Sep 19 12:02:35 pop-os kernel: [    0.081197] On node 0, zone Normal: 752 pages in unavailable ranges
Sep 19 12:02:35 pop-os kernel: [    0.081689] On node 0, zone Normal: 30720 pages in unavailable ranges
Sep 19 12:02:35 pop-os kernel: [    0.081728] Reserving Intel graphics memory at [mem 0x89800000-0x8d7fffff]
Sep 19 12:02:35 pop-os kernel: [    0.082024] ACPI: PM-Timer IO Port: 0x1808
Sep 19 12:02:35 pop-os kernel: [    0.082034] ACPI: LAPIC_NMI (acpi_id[0x01] high edge lint[0x1])
Sep 19 12:02:35 pop-os kernel: [    0.082036] ACPI: LAPIC_NMI (acpi_id[0x02] high edge lint[0x1])
Sep 19 12:02:35 pop-os kernel: [    0.082037] ACPI: LAPIC_NMI (acpi_id[0x03] high edge lint[0x1])
Sep 19 12:02:35 pop-os kernel: [    0.082038] ACPI: LAPIC_NMI (acpi_id[0x04] high edge lint[0x1])
Sep 19 12:02:35 pop-os kernel: [    0.082039] ACPI: LAPIC_NMI (acpi_id[0x05] high edge lint[0x1])
Sep 19 12:02:35 pop-os kernel: [    0.082040] ACPI: LAPIC_NMI (acpi_id[0x06] high edge lint[0x1])
Sep 19 12:02:35 pop-os kernel: [    0.082041] ACPI: LAPIC_NMI (acpi_id[0x07] high edge lint[0x1])
Sep 19 12:02:35 pop-os kernel: [    0.082041] ACPI: LAPIC_NMI (acpi_id[0x08] high edge lint[0x1])
Sep 19 12:02:35 pop-os kernel: [    0.082042] ACPI: LAPIC_NMI (acpi_id[0x09] high edge lint[0x1])
Sep 19 12:02:35 pop-os kernel: [    0.082043] ACPI: LAPIC_NMI (acpi_id[0x0a] high edge lint[0x1])
Sep 19 12:02:35 pop-os kernel: [    0.082044] ACPI: LAPIC_NMI (acpi_id[0x0b] high edge lint[0x1])
Sep 19 12:02:35 pop-os kernel: [    0.082045] ACPI: LAPIC_NMI (acpi_id[0x0c] high edge lint[0x1])
Sep 19 12:02:35 pop-os kernel: [    0.082046] ACPI: LAPIC_NMI (acpi_id[0x0d] high edge lint[0x1])
Sep 19 12:02:35 pop-os kernel: [    0.082047] ACPI: LAPIC_NMI (acpi_id[0x0e] high edge lint[0x1])
Sep 19 12:02:35 pop-os kernel: [    0.082047] ACPI: LAPIC_NMI (acpi_id[0x0f] high edge lint[0x1])
Sep 19 12:02:35 pop-os kernel: [    0.082048] ACPI: LAPIC_NMI (acpi_id[0x10] high edge lint[0x1])
Sep 19 12:02:35 pop-os kernel: [    0.082081] IOAPIC[0]: apic_id 2, version 32, address 0xfec00000, GSI 0-119
Sep 19 12:02:35 pop-os kernel: [    0.082085] ACPI: INT_SRC_OVR (bus 0 bus_irq 0 global_irq 2 dfl dfl)
Sep 19 12:02:35 pop-os kernel: [    0.082087] ACPI: INT_SRC_OVR (bus 0 bus_irq 9 global_irq 9 high level)
Sep 19 12:02:35 pop-os kernel: [    0.082093] ACPI: Using ACPI (MADT) for SMP configuration information
Sep 19 12:02:35 pop-os kernel: [    0.082094] ACPI: HPET id: 0x8086a201 base: 0xfed00000
Sep 19 12:02:35 pop-os kernel: [    0.082102] e820: update [mem 0x6cebb000-0x6cf71fff] usable ==> reserved
Sep 19 12:02:35 pop-os kernel: [    0.082119] TSC deadline timer available
Sep 19 12:02:35 pop-os kernel: [    0.082120] smpboot: Allowing 12 CPUs, 0 hotplug CPUs
Sep 19 12:02:35 pop-os kernel: [    0.082143] PM: hibernation: Registered nosave memory: [mem 0x00000000-0x00000fff]
Sep 19 12:02:35 pop-os kernel: [    0.082145] PM: hibernation: Registered nosave memory: [mem 0x0009f000-0x000fffff]
Sep 19 12:02:35 pop-os kernel: [    0.082148] PM: hibernation: Registered nosave memory: [mem 0x5ae98000-0x5ae98fff]
Sep 19 12:02:35 pop-os kernel: [    0.082150] PM: hibernation: Registered nosave memory: [mem 0x5aea8000-0x5aea8fff]
Sep 19 12:02:35 pop-os kernel: [    0.082151] PM: hibernation: Registered nosave memory: [mem 0x5aea9000-0x5aea9fff]
Sep 19 12:02:35 pop-os kernel: [    0.082153] PM: hibernation: Registered nosave memory: [mem 0x5aec8000-0x5aec8fff]
Sep 19 12:02:35 pop-os kernel: [    0.082155] PM: hibernation: Registered nosave memory: [mem 0x67458000-0x67d57fff]
Sep 19 12:02:35 pop-os kernel: [    0.082157] PM: hibernation: Registered nosave memory: [mem 0x6cebb000-0x6cf71fff]
Sep 19 12:02:35 pop-os kernel: [    0.082159] PM: hibernation: Registered nosave memory: [mem 0x7df6f000-0x7f59efff]
Sep 19 12:02:35 pop-os kernel: [    0.082160] PM: hibernation: Registered nosave memory: [mem 0x7f59f000-0x7fc8efff]
Sep 19 12:02:35 pop-os kernel: [    0.082161] PM: hibernation: Registered nosave memory: [mem 0x7fc8f000-0x7fd0efff]
Sep 19 12:02:35 pop-os kernel: [    0.082163] PM: hibernation: Registered nosave memory: [mem 0x7fd10000-0x8d7fffff]
Sep 19 12:02:35 pop-os kernel: [    0.082164] PM: hibernation: Registered nosave memory: [mem 0x8d800000-0xdfffffff]
Sep 19 12:02:35 pop-os kernel: [    0.082165] PM: hibernation: Registered nosave memory: [mem 0xe0000000-0xefffffff]
Sep 19 12:02:35 pop-os kernel: [    0.082166] PM: hibernation: Registered nosave memory: [mem 0xf0000000-0xfdffffff]
Sep 19 12:02:35 pop-os kernel: [    0.082166] PM: hibernation: Registered nosave memory: [mem 0xfe000000-0xfe010fff]
Sep 19 12:02:35 pop-os kernel: [    0.082167] PM: hibernation: Registered nosave memory: [mem 0xfe011000-0xfed0ffff]
Sep 19 12:02:35 pop-os kernel: [    0.082168] PM: hibernation: Registered nosave memory: [mem 0xfed10000-0xfed19fff]
Sep 19 12:02:35 pop-os kernel: [    0.082169] PM: hibernation: Registered nosave memory: [mem 0xfed1a000-0xfed83fff]
Sep 19 12:02:35 pop-os kernel: [    0.082170] PM: hibernation: Registered nosave memory: [mem 0xfed84000-0xfed84fff]
Sep 19 12:02:35 pop-os kernel: [    0.082171] PM: hibernation: Registered nosave memory: [mem 0xfed85000-0xfedfffff]
Sep 19 12:02:35 pop-os kernel: [    0.082172] PM: hibernation: Registered nosave memory: [mem 0xfee00000-0xfee00fff]
Sep 19 12:02:35 pop-os kernel: [    0.082172] PM: hibernation: Registered nosave memory: [mem 0xfee01000-0xff5fffff]
Sep 19 12:02:35 pop-os kernel: [    0.082173] PM: hibernation: Registered nosave memory: [mem 0xff600000-0xffffffff]
Sep 19 12:02:35 pop-os kernel: [    0.082175] [mem 0x8d800000-0xdfffffff] available for PCI devices
Sep 19 12:02:35 pop-os kernel: [    0.082177] Booting paravirtualized kernel on bare hardware
Sep 19 12:02:35 pop-os kernel: [    0.082179] clocksource: refined-jiffies: mask: 0xffffffff max_cycles: 0xffffffff, max_idle_ns: 7645519600211568 ns
Sep 19 12:02:35 pop-os kernel: [    0.082188] setup_percpu: NR_CPUS:8192 nr_cpumask_bits:12 nr_cpu_ids:12 nr_node_ids:1
Sep 19 12:02:35 pop-os kernel: [    0.082567] percpu: Embedded 61 pages/cpu s212992 r8192 d28672 u262144
Sep 19 12:02:35 pop-os kernel: [    0.082576] pcpu-alloc: s212992 r8192 d28672 u262144 alloc=1*2097152
Sep 19 12:02:35 pop-os kernel: [    0.082579] pcpu-alloc: [0] 00 01 02 03 04 05 06 07 [0] 08 09 10 11 -- -- -- -- 
Sep 19 12:02:35 pop-os kernel: [    0.082622] Fallback order for Node 0: 0 
Sep 19 12:02:35 pop-os kernel: [    0.082626] Built 1 zonelists, mobility grouping on.  Total pages: 8184310
Sep 19 12:02:35 pop-os kernel: [    0.082627] Policy zone: Normal
Sep 19 12:02:35 pop-os kernel: [    0.082629] Kernel command line: initrd=\EFI\Pop_OS-94c205df-e6c5-4020-9bf5-a3658653f468\initrd.img root=UUID=94c205df-e6c5-4020-9bf5-a3658653f468 ro quiet loglevel=0 systemd.show_status=false snd_hda_intel.probe_mask=1 splash
Sep 19 12:02:35 pop-os kernel: [    0.082781] Unknown kernel command line parameters "splash", will be passed to user space.
Sep 19 12:02:35 pop-os kernel: [    0.084708] Dentry cache hash table entries: 4194304 (order: 13, 33554432 bytes, linear)
Sep 19 12:02:35 pop-os kernel: [    0.085679] Inode-cache hash table entries: 2097152 (order: 12, 16777216 bytes, linear)
Sep 19 12:02:35 pop-os kernel: [    0.085834] mem auto-init: stack:off, heap alloc:on, heap free:off
Sep 19 12:02:35 pop-os kernel: [    0.178718] Memory: 32313812K/33257528K available (18440K kernel code, 4036K rwdata, 11160K rodata, 3120K init, 4968K bss, 943456K reserved, 0K cma-reserved)
Sep 19 12:02:35 pop-os kernel: [    0.178951] SLUB: HWalign=64, Order=0-3, MinObjects=0, CPUs=12, Nodes=1
Sep 19 12:02:35 pop-os kernel: [    0.178974] Kernel/User page tables isolation: enabled
Sep 19 12:02:35 pop-os kernel: [    0.179009] ftrace: allocating 51655 entries in 202 pages
Sep 19 12:02:35 pop-os kernel: [    0.192948] ftrace: allocated 202 pages with 4 groups
Sep 19 12:02:35 pop-os kernel: [    0.194112] Dynamic Preempt: voluntary
Sep 19 12:02:35 pop-os kernel: [    0.194167] rcu: Preemptible hierarchical RCU implementation.
Sep 19 12:02:35 pop-os kernel: [    0.194168] rcu: 	RCU restricting CPUs from NR_CPUS=8192 to nr_cpu_ids=12.
Sep 19 12:02:35 pop-os kernel: [    0.194170] 	Trampoline variant of Tasks RCU enabled.
Sep 19 12:02:35 pop-os kernel: [    0.194171] 	Rude variant of Tasks RCU enabled.
Sep 19 12:02:35 pop-os kernel: [    0.194171] 	Tracing variant of Tasks RCU enabled.
Sep 19 12:02:35 pop-os kernel: [    0.194174] rcu: RCU calculated value of scheduler-enlistment delay is 25 jiffies.
Sep 19 12:02:35 pop-os kernel: [    0.194177] rcu: Adjusting geometry for rcu_fanout_leaf=16, nr_cpu_ids=12
Sep 19 12:02:35 pop-os kernel: [    0.200920] NR_IRQS: 524544, nr_irqs: 2152, preallocated irqs: 16
Sep 19 12:02:35 pop-os kernel: [    0.201198] rcu: srcu_init: Setting srcu_struct sizes based on contention.
Sep 19 12:02:35 pop-os kernel: [    0.201445] Console: colour dummy device 80x25
Sep 19 12:02:35 pop-os kernel: [    0.201476] printk: console [tty0] enabled
Sep 19 12:02:35 pop-os kernel: [    0.201504] ACPI: Core revision 20220331
Sep 19 12:02:35 pop-os kernel: [    0.201972] clocksource: hpet: mask: 0xffffffff max_cycles: 0xffffffff, max_idle_ns: 79635855245 ns
Sep 19 12:02:35 pop-os kernel: [    0.202065] APIC: Switch to symmetric I/O mode setup
Sep 19 12:02:35 pop-os kernel: [    0.202068] DMAR: Host address width 39
Sep 19 12:02:35 pop-os kernel: [    0.202069] DMAR: DRHD base: 0x000000fed90000 flags: 0x0
Sep 19 12:02:35 pop-os kernel: [    0.202077] DMAR: dmar0: reg_base_addr fed90000 ver 1:0 cap 1c0000c40660462 ecap 19e2ff0505e
Sep 19 12:02:35 pop-os kernel: [    0.202082] DMAR: DRHD base: 0x000000fed91000 flags: 0x1
Sep 19 12:02:35 pop-os kernel: [    0.202086] DMAR: dmar1: reg_base_addr fed91000 ver 1:0 cap d2008c40660462 ecap f050da
Sep 19 12:02:35 pop-os kernel: [    0.202089] DMAR: RMRR base: 0x0000007f57c000 end: 0x0000007f59bfff
Sep 19 12:02:35 pop-os kernel: [    0.202091] DMAR: RMRR base: 0x00000089000000 end: 0x0000008d7fffff
Sep 19 12:02:35 pop-os kernel: [    0.202094] DMAR-IR: IOAPIC id 2 under DRHD base  0xfed91000 IOMMU 1
Sep 19 12:02:35 pop-os kernel: [    0.202096] DMAR-IR: HPET id 0 under DRHD base 0xfed91000
Sep 19 12:02:35 pop-os kernel: [    0.202098] DMAR-IR: Queued invalidation will be enabled to support x2apic and Intr-remapping.
Sep 19 12:02:35 pop-os kernel: [    0.204244] DMAR-IR: Enabled IRQ remapping in x2apic mode
Sep 19 12:02:35 pop-os kernel: [    0.204247] x2apic enabled
Sep 19 12:02:35 pop-os kernel: [    0.204271] Switched APIC routing to cluster x2apic.
Sep 19 12:02:35 pop-os kernel: [    0.210149] ..TIMER: vector=0x30 apic1=0 pin1=2 apic2=-1 pin2=-1
Sep 19 12:02:35 pop-os kernel: [    0.230131] clocksource: tsc-early: mask: 0xffffffffffffffff max_cycles: 0x1fb62f12e8c, max_idle_ns: 440795238402 ns
Sep 19 12:02:35 pop-os kernel: [    0.230139] Calibrating delay loop (skipped), value calculated using timer frequency.. 4399.99 BogoMIPS (lpj=8799984)
Sep 19 12:02:35 pop-os kernel: [    0.230143] pid_max: default: 32768 minimum: 301
Sep 19 12:02:35 pop-os kernel: [    0.235016] LSM: Security Framework initializing
Sep 19 12:02:35 pop-os kernel: [    0.235045] landlock: Up and running.
Sep 19 12:02:35 pop-os kernel: [    0.235046] Yama: becoming mindful.
Sep 19 12:02:35 pop-os kernel: [    0.235077] AppArmor: AppArmor initialized
Sep 19 12:02:35 pop-os kernel: [    0.235160] Mount-cache hash table entries: 65536 (order: 7, 524288 bytes, linear)
Sep 19 12:02:35 pop-os kernel: [    0.235211] Mountpoint-cache hash table entries: 65536 (order: 7, 524288 bytes, linear)
Sep 19 12:02:35 pop-os kernel: [    0.235504] CPU0: Thermal monitoring enabled (TM1)
Sep 19 12:02:35 pop-os kernel: [    0.235593] process: using mwait in idle threads
Sep 19 12:02:35 pop-os kernel: [    0.235599] Last level iTLB entries: 4KB 64, 2MB 8, 4MB 8
Sep 19 12:02:35 pop-os kernel: [    0.235601] Last level dTLB entries: 4KB 64, 2MB 0, 4MB 0, 1GB 4
Sep 19 12:02:35 pop-os kernel: [    0.235608] Spectre V1 : Mitigation: usercopy/swapgs barriers and __user pointer sanitization
Sep 19 12:02:35 pop-os kernel: [    0.235611] Spectre V2 : Mitigation: IBRS
Sep 19 12:02:35 pop-os kernel: [    0.235612] Spectre V2 : Spectre v2 / SpectreRSB mitigation: Filling RSB on context switch
Sep 19 12:02:35 pop-os kernel: [    0.235614] RETBleed: Mitigation: IBRS
Sep 19 12:02:35 pop-os kernel: [    0.235616] Spectre V2 : mitigation: Enabling conditional Indirect Branch Prediction Barrier
Sep 19 12:02:35 pop-os kernel: [    0.235618] Speculative Store Bypass: Mitigation: Speculative Store Bypass disabled via prctl
Sep 19 12:02:35 pop-os kernel: [    0.235627] MDS: Mitigation: Clear CPU buffers
Sep 19 12:02:35 pop-os kernel: [    0.235628] MMIO Stale Data: Mitigation: Clear CPU buffers
Sep 19 12:02:35 pop-os kernel: [    0.235634] SRBDS: Mitigation: Microcode
Sep 19 12:02:35 pop-os kernel: [    0.271022] Freeing SMP alternatives memory: 44K
Sep 19 12:02:35 pop-os kernel: [    0.274257] smpboot: CPU0: Intel(R) Core(TM) i7-8750H CPU @ 2.20GHz (family: 0x6, model: 0x9e, stepping: 0xa)
Sep 19 12:02:35 pop-os kernel: [    0.274456] cblist_init_generic: Setting adjustable number of callback queues.
Sep 19 12:02:35 pop-os kernel: [    0.274459] cblist_init_generic: Setting shift to 4 and lim to 1.
Sep 19 12:02:35 pop-os kernel: [    0.274482] cblist_init_generic: Setting shift to 4 and lim to 1.
Sep 19 12:02:35 pop-os kernel: [    0.274501] cblist_init_generic: Setting shift to 4 and lim to 1.
Sep 19 12:02:35 pop-os kernel: [    0.274526] Performance Events: PEBS fmt3+, Skylake events, 32-deep LBR, full-width counters, Intel PMU driver.
Sep 19 12:02:35 pop-os kernel: [    0.274569] ... version:                4
Sep 19 12:02:35 pop-os kernel: [    0.274570] ... bit width:              48
Sep 19 12:02:35 pop-os kernel: [    0.274571] ... generic registers:      4
Sep 19 12:02:35 pop-os kernel: [    0.274573] ... value mask:             0000ffffffffffff
Sep 19 12:02:35 pop-os kernel: [    0.274574] ... max period:             00007fffffffffff
Sep 19 12:02:35 pop-os kernel: [    0.274576] ... fixed-purpose events:   3
Sep 19 12:02:35 pop-os kernel: [    0.274577] ... event mask:             000000070000000f
Sep 19 12:02:35 pop-os kernel: [    0.274741] Estimated ratio of average max frequency by base frequency (times 1024): 1861
Sep 19 12:02:35 pop-os kernel: [    0.274776] rcu: Hierarchical SRCU implementation.
Sep 19 12:02:35 pop-os kernel: [    0.274777] rcu: 	Max phase no-delay instances is 1000.
Sep 19 12:02:35 pop-os kernel: [    0.276544] NMI watchdog: Enabled. Permanently consumes one hw-PMU counter.
Sep 19 12:02:35 pop-os kernel: [    0.276706] smp: Bringing up secondary CPUs ...
Sep 19 12:02:35 pop-os kernel: [    0.276848] x86: Booting SMP configuration:
Sep 19 12:02:35 pop-os kernel: [    0.276850] .... node  #0, CPUs:        #1  #2  #3  #4  #5  #6
Sep 19 12:02:35 pop-os kernel: [    0.288577] MDS CPU bug present and SMT on, data leak possible. See https://www.kernel.org/doc/html/latest/admin-guide/hw-vuln/mds.html for more details.
Sep 19 12:02:35 pop-os kernel: [    0.288577] MMIO Stale Data CPU bug present and SMT on, data leak possible. See https://www.kernel.org/doc/html/latest/admin-guide/hw-vuln/processor_mmio_stale_data.html for more details.
Sep 19 12:02:35 pop-os kernel: [    0.288577]   #7  #8  #9 #10 #11
Sep 19 12:02:35 pop-os kernel: [    0.298955] smp: Brought up 1 node, 12 CPUs
Sep 19 12:02:35 pop-os kernel: [    0.298955] smpboot: Max logical packages: 1
Sep 19 12:02:35 pop-os kernel: [    0.298955] smpboot: Total of 12 processors activated (52799.90 BogoMIPS)
Sep 19 12:02:35 pop-os kernel: [    0.303600] devtmpfs: initialized
Sep 19 12:02:35 pop-os kernel: [    0.303600] x86/mm: Memory block size: 128MB
Sep 19 12:02:35 pop-os kernel: [    0.308588] ACPI: PM: Registering ACPI NVS region [mem 0x7f59f000-0x7fc8efff] (7274496 bytes)
Sep 19 12:02:35 pop-os kernel: [    0.308588] clocksource: jiffies: mask: 0xffffffff max_cycles: 0xffffffff, max_idle_ns: 7645041785100000 ns
Sep 19 12:02:35 pop-os kernel: [    0.308588] futex hash table entries: 4096 (order: 6, 262144 bytes, linear)
Sep 19 12:02:35 pop-os kernel: [    0.308588] pinctrl core: initialized pinctrl subsystem
Sep 19 12:02:35 pop-os kernel: [    0.308588] PM: RTC time: 17:02:26, date: 2022-09-19
Sep 19 12:02:35 pop-os kernel: [    0.308588] NET: Registered PF_NETLINK/PF_ROUTE protocol family
Sep 19 12:02:35 pop-os kernel: [    0.310661] DMA: preallocated 4096 KiB GFP_KERNEL pool for atomic allocations
Sep 19 12:02:35 pop-os kernel: [    0.311058] DMA: preallocated 4096 KiB GFP_KERNEL|GFP_DMA pool for atomic allocations
Sep 19 12:02:35 pop-os kernel: [    0.311471] DMA: preallocated 4096 KiB GFP_KERNEL|GFP_DMA32 pool for atomic allocations
Sep 19 12:02:35 pop-os kernel: [    0.311487] audit: initializing netlink subsys (disabled)
Sep 19 12:02:35 pop-os kernel: [    0.311511] audit: type=2000 audit(1663606946.104:1): state=initialized audit_enabled=0 res=1
Sep 19 12:02:35 pop-os kernel: [    0.311511] thermal_sys: Registered thermal governor 'fair_share'
Sep 19 12:02:35 pop-os kernel: [    0.311511] thermal_sys: Registered thermal governor 'bang_bang'
Sep 19 12:02:35 pop-os kernel: [    0.311511] thermal_sys: Registered thermal governor 'step_wise'
Sep 19 12:02:35 pop-os kernel: [    0.311511] thermal_sys: Registered thermal governor 'user_space'
Sep 19 12:02:35 pop-os kernel: [    0.311511] thermal_sys: Registered thermal governor 'power_allocator'
Sep 19 12:02:35 pop-os kernel: [    0.311511] EISA bus registered
Sep 19 12:02:35 pop-os kernel: [    0.311511] cpuidle: using governor ladder
Sep 19 12:02:35 pop-os kernel: [    0.311511] cpuidle: using governor menu
Sep 19 12:02:35 pop-os kernel: [    0.311511] HugeTLB: can optimize 4095 vmemmap pages for hugepages-1048576kB
Sep 19 12:02:35 pop-os kernel: [    0.311511] ACPI FADT declares the system doesn't support PCIe ASPM, so disable it
Sep 19 12:02:35 pop-os kernel: [    0.311511] acpiphp: ACPI Hot Plug PCI Controller Driver version: 0.5
Sep 19 12:02:35 pop-os kernel: [    0.311511] PCI: MMCONFIG for domain 0000 [bus 00-ff] at [mem 0xe0000000-0xefffffff] (base 0xe0000000)
Sep 19 12:02:35 pop-os kernel: [    0.311511] PCI: MMCONFIG at [mem 0xe0000000-0xefffffff] reserved in E820
Sep 19 12:02:35 pop-os kernel: [    0.311511] PCI: Using configuration type 1 for base access
Sep 19 12:02:35 pop-os kernel: [    0.311511] ENERGY_PERF_BIAS: Set to 'normal', was 'performance'
Sep 19 12:02:35 pop-os kernel: [    0.315743] kprobes: kprobe jump-optimization is enabled. All kprobes are optimized if possible.
Sep 19 12:02:35 pop-os kernel: [    0.315756] HugeTLB: can optimize 7 vmemmap pages for hugepages-2048kB
Sep 19 12:02:35 pop-os kernel: [    0.315756] HugeTLB registered 1.00 GiB page size, pre-allocated 0 pages
Sep 19 12:02:35 pop-os kernel: [    0.315756] HugeTLB registered 2.00 MiB page size, pre-allocated 0 pages
Sep 19 12:02:35 pop-os kernel: [    0.315756] ACPI: Added _OSI(Module Device)
Sep 19 12:02:35 pop-os kernel: [    0.315756] ACPI: Added _OSI(Processor Device)
Sep 19 12:02:35 pop-os kernel: [    0.315756] ACPI: Added _OSI(3.0 _SCP Extensions)
Sep 19 12:02:35 pop-os kernel: [    0.315756] ACPI: Added _OSI(Processor Aggregator Device)
Sep 19 12:02:35 pop-os kernel: [    0.315756] ACPI: Added _OSI(Linux-Dell-Video)
Sep 19 12:02:35 pop-os kernel: [    0.315756] ACPI: Added _OSI(Linux-Lenovo-NV-HDMI-Audio)
Sep 19 12:02:35 pop-os kernel: [    0.315756] ACPI: Added _OSI(Linux-HPI-Hybrid-Graphics)
Sep 19 12:02:35 pop-os kernel: [    0.398436] ACPI: 8 ACPI AML tables successfully acquired and loaded
Sep 19 12:02:35 pop-os kernel: [    0.402799] ACPI: [Firmware Bug]: BIOS _OSI(Linux) query ignored
Sep 19 12:02:35 pop-os kernel: [    0.412782] ACPI: Dynamic OEM Table Load:
Sep 19 12:02:35 pop-os kernel: [    0.412797] ACPI: SSDT 0xFFFF8DCC81717100 0000F4 (v02 PmRef  Cpu0Psd  00003000 INTL 20160422)
Sep 19 12:02:35 pop-os kernel: [    0.414966] ACPI: \_SB_.PR00: _OSC native thermal LVT Acked
Sep 19 12:02:35 pop-os kernel: [    0.416680] ACPI: Dynamic OEM Table Load:
Sep 19 12:02:35 pop-os kernel: [    0.416690] ACPI: SSDT 0xFFFF8DCC8199DC00 000400 (v02 PmRef  Cpu0Cst  00003001 INTL 20160422)
Sep 19 12:02:35 pop-os kernel: [    0.419065] ACPI: Dynamic OEM Table Load:
Sep 19 12:02:35 pop-os kernel: [    0.419075] ACPI: SSDT 0xFFFF8DCC802CB000 0004FD (v02 PmRef  Cpu0Ist  00003000 INTL 20160422)
Sep 19 12:02:35 pop-os kernel: [    0.421596] ACPI: Dynamic OEM Table Load:
Sep 19 12:02:35 pop-os kernel: [    0.421604] ACPI: SSDT 0xFFFF8DCC81611E00 00011B (v02 PmRef  Cpu0Hwp  00003000 INTL 20160422)
Sep 19 12:02:35 pop-os kernel: [    0.423833] ACPI: Dynamic OEM Table Load:
Sep 19 12:02:35 pop-os kernel: [    0.423843] ACPI: SSDT 0xFFFF8DCC802CE000 000724 (v02 PmRef  HwpLvt   00003000 INTL 20160422)
Sep 19 12:02:35 pop-os kernel: [    0.426596] ACPI: Dynamic OEM Table Load:
Sep 19 12:02:35 pop-os kernel: [    0.426606] ACPI: SSDT 0xFFFF8DCC802CB800 0005FC (v02 PmRef  ApIst    00003000 INTL 20160422)
Sep 19 12:02:35 pop-os kernel: [    0.429167] ACPI: Dynamic OEM Table Load:
Sep 19 12:02:35 pop-os kernel: [    0.429176] ACPI: SSDT 0xFFFF8DCC8199E400 000317 (v02 PmRef  ApHwp    00003000 INTL 20160422)
Sep 19 12:02:35 pop-os kernel: [    0.431783] ACPI: Dynamic OEM Table Load:
Sep 19 12:02:35 pop-os kernel: [    0.431793] ACPI: SSDT 0xFFFF8DCC8018F000 000AB0 (v02 PmRef  ApPsd    00003000 INTL 20160422)
Sep 19 12:02:35 pop-os kernel: [    0.435504] ACPI: Dynamic OEM Table Load:
Sep 19 12:02:35 pop-os kernel: [    0.435514] ACPI: SSDT 0xFFFF8DCC8199CC00 00030A (v02 PmRef  ApCst    00003000 INTL 20160422)
Sep 19 12:02:35 pop-os kernel: [    0.445905] ACPI: EC: EC started
Sep 19 12:02:35 pop-os kernel: [    0.445907] ACPI: EC: interrupt blocked
Sep 19 12:02:35 pop-os kernel: [    0.447879] ACPI: EC: EC_CMD/EC_SC=0x66, EC_DATA=0x62
Sep 19 12:02:35 pop-os kernel: [    0.447883] ACPI: \_SB_.PCI0.LPCB.EC__: Boot DSDT EC used to handle transactions
Sep 19 12:02:35 pop-os kernel: [    0.447885] ACPI: Interpreter enabled
Sep 19 12:02:35 pop-os kernel: [    0.447951] ACPI: PM: (supports S0 S3 S4 S5)
Sep 19 12:02:35 pop-os kernel: [    0.447952] ACPI: Using IOAPIC for interrupt routing
Sep 19 12:02:35 pop-os kernel: [    0.448012] PCI: Using host bridge windows from ACPI; if necessary, use "pci=nocrs" and report a bug
Sep 19 12:02:35 pop-os kernel: [    0.448014] PCI: Using E820 reservations for host bridge windows
Sep 19 12:02:35 pop-os kernel: [    0.448845] ACPI: Enabled 6 GPEs in block 00 to 7F
Sep 19 12:02:35 pop-os kernel: [    0.449981] ACPI: PM: Power Resource [PG00]
Sep 19 12:02:35 pop-os kernel: [    0.501279] ACPI: PM: Power Resource [V0PR]
Sep 19 12:02:35 pop-os kernel: [    0.501490] ACPI: PM: Power Resource [V1PR]
Sep 19 12:02:35 pop-os kernel: [    0.501694] ACPI: PM: Power Resource [V2PR]
Sep 19 12:02:35 pop-os kernel: [    0.508653] ACPI: PM: Power Resource [WRST]
Sep 19 12:02:35 pop-os kernel: [    0.849015] ACPI: PM: Power Resource [PIN]
Sep 19 12:02:35 pop-os kernel: [    0.849928] ACPI: PCI Root Bridge [PCI0] (domain 0000 [bus 00-fe])
Sep 19 12:02:35 pop-os kernel: [    0.849939] acpi PNP0A08:00: _OSC: OS supports [ExtendedConfig ASPM ClockPM Segments MSI EDR HPX-Type3]
Sep 19 12:02:35 pop-os kernel: [    0.853140] acpi PNP0A08:00: _OSC: OS now controls [PCIeHotplug SHPCHotplug PME AER PCIeCapability LTR DPC]
Sep 19 12:02:35 pop-os kernel: [    0.853143] acpi PNP0A08:00: FADT indicates ASPM is unsupported, using BIOS configuration
Sep 19 12:02:35 pop-os kernel: [    0.857832] PCI host bridge to bus 0000:00
Sep 19 12:02:35 pop-os kernel: [    0.857836] pci_bus 0000:00: root bus resource [io  0x0000-0x0cf7 window]
Sep 19 12:02:35 pop-os kernel: [    0.857839] pci_bus 0000:00: root bus resource [io  0x0d00-0xffff window]
Sep 19 12:02:35 pop-os kernel: [    0.857842] pci_bus 0000:00: root bus resource [mem 0x000a0000-0x000bffff window]
Sep 19 12:02:35 pop-os kernel: [    0.857844] pci_bus 0000:00: root bus resource [mem 0x8d800000-0xdfffffff window]
Sep 19 12:02:35 pop-os kernel: [    0.857846] pci_bus 0000:00: root bus resource [mem 0xfc800000-0xfe7fffff window]
Sep 19 12:02:35 pop-os kernel: [    0.857848] pci_bus 0000:00: root bus resource [bus 00-fe]
Sep 19 12:02:35 pop-os kernel: [    0.857879] pci 0000:00:00.0: [8086:3ec4] type 00 class 0x060000
Sep 19 12:02:35 pop-os kernel: [    0.857972] pci 0000:00:01.0: [8086:1901] type 01 class 0x060400
Sep 19 12:02:35 pop-os kernel: [    0.858026] pci 0000:00:01.0: PME# supported from D0 D3hot D3cold
Sep 19 12:02:35 pop-os kernel: [    0.858953] pci 0000:00:02.0: [8086:3e9b] type 00 class 0x030000
Sep 19 12:02:35 pop-os kernel: [    0.858966] pci 0000:00:02.0: reg 0x10: [mem 0xb5000000-0xb5ffffff 64bit]
Sep 19 12:02:35 pop-os kernel: [    0.858974] pci 0000:00:02.0: reg 0x18: [mem 0x90000000-0x9fffffff 64bit pref]
Sep 19 12:02:35 pop-os kernel: [    0.858980] pci 0000:00:02.0: reg 0x20: [io  0x5000-0x503f]
Sep 19 12:02:35 pop-os kernel: [    0.859001] pci 0000:00:02.0: BAR 2: assigned to efifb
Sep 19 12:02:35 pop-os kernel: [    0.859006] pci 0000:00:02.0: Video device with shadowed ROM at [mem 0x000c0000-0x000dffff]
Sep 19 12:02:35 pop-os kernel: [    0.859306] pci 0000:00:04.0: [8086:1903] type 00 class 0x118000
Sep 19 12:02:35 pop-os kernel: [    0.859318] pci 0000:00:04.0: reg 0x10: [mem 0xb4710000-0xb4717fff 64bit]
Sep 19 12:02:35 pop-os kernel: [    0.859857] pci 0000:00:12.0: [8086:a379] type 00 class 0x118000
Sep 19 12:02:35 pop-os kernel: [    0.859880] pci 0000:00:12.0: reg 0x10: [mem 0xb4724000-0xb4724fff 64bit]
Sep 19 12:02:35 pop-os kernel: [    0.860060] pci 0000:00:14.0: [8086:a36d] type 00 class 0x0c0330
Sep 19 12:02:35 pop-os kernel: [    0.860077] pci 0000:00:14.0: reg 0x10: [mem 0xb4700000-0xb470ffff 64bit]
Sep 19 12:02:35 pop-os kernel: [    0.860145] pci 0000:00:14.0: PME# supported from D3hot D3cold
Sep 19 12:02:35 pop-os kernel: [    0.860811] pci 0000:00:14.2: [8086:a36f] type 00 class 0x050000
Sep 19 12:02:35 pop-os kernel: [    0.860832] pci 0000:00:14.2: reg 0x10: [mem 0xb4720000-0xb4721fff 64bit]
Sep 19 12:02:35 pop-os kernel: [    0.860846] pci 0000:00:14.2: reg 0x18: [mem 0xb4725000-0xb4725fff 64bit]
Sep 19 12:02:35 pop-os kernel: [    0.861032] pci 0000:00:14.3: [8086:a370] type 00 class 0x028000
Sep 19 12:02:35 pop-os kernel: [    0.861156] pci 0000:00:14.3: reg 0x10: [mem 0xb4718000-0xb471bfff 64bit]
Sep 19 12:02:35 pop-os kernel: [    0.861739] pci 0000:00:14.3: PME# supported from D0 D3hot D3cold
Sep 19 12:02:35 pop-os kernel: [    0.861993] pci 0000:00:15.0: [8086:a368] type 00 class 0x0c8000
Sep 19 12:02:35 pop-os kernel: [    0.862015] pci 0000:00:15.0: reg 0x10: [mem 0x00000000-0x00000fff 64bit]
Sep 19 12:02:35 pop-os kernel: [    0.862521] pci 0000:00:15.1: [8086:a369] type 00 class 0x0c8000
Sep 19 12:02:35 pop-os kernel: [    0.862545] pci 0000:00:15.1: reg 0x10: [mem 0x00000000-0x00000fff 64bit]
Sep 19 12:02:35 pop-os kernel: [    0.863076] pci 0000:00:16.0: [8086:a360] type 00 class 0x078000
Sep 19 12:02:35 pop-os kernel: [    0.863098] pci 0000:00:16.0: reg 0x10: [mem 0xb4728000-0xb4728fff 64bit]
Sep 19 12:02:35 pop-os kernel: [    0.863179] pci 0000:00:16.0: PME# supported from D3hot
Sep 19 12:02:35 pop-os kernel: [    0.863652] pci 0000:00:17.0: [8086:a353] type 00 class 0x010601
Sep 19 12:02:35 pop-os kernel: [    0.863668] pci 0000:00:17.0: reg 0x10: [mem 0xb4722000-0xb4723fff]
Sep 19 12:02:35 pop-os kernel: [    0.863678] pci 0000:00:17.0: reg 0x14: [mem 0xb472c000-0xb472c0ff]
Sep 19 12:02:35 pop-os kernel: [    0.863687] pci 0000:00:17.0: reg 0x18: [io  0x5080-0x5087]
Sep 19 12:02:35 pop-os kernel: [    0.863696] pci 0000:00:17.0: reg 0x1c: [io  0x5088-0x508b]
Sep 19 12:02:35 pop-os kernel: [    0.863705] pci 0000:00:17.0: reg 0x20: [io  0x5060-0x507f]
Sep 19 12:02:35 pop-os kernel: [    0.863714] pci 0000:00:17.0: reg 0x24: [mem 0xb472b000-0xb472b7ff]
Sep 19 12:02:35 pop-os kernel: [    0.863762] pci 0000:00:17.0: PME# supported from D3hot
Sep 19 12:02:35 pop-os kernel: [    0.864691] pci 0000:00:1b.0: [8086:a32c] type 01 class 0x060400
Sep 19 12:02:35 pop-os kernel: [    0.864806] pci 0000:00:1b.0: PME# supported from D0 D3hot D3cold
Sep 19 12:02:35 pop-os kernel: [    0.864837] pci 0000:00:1b.0: PTM enabled (root), 4ns granularity
Sep 19 12:02:35 pop-os kernel: [    0.866348] pci 0000:00:1d.0: [8086:a330] type 01 class 0x060400
Sep 19 12:02:35 pop-os kernel: [    0.866456] pci 0000:00:1d.0: PME# supported from D0 D3hot D3cold
Sep 19 12:02:35 pop-os kernel: [    0.866488] pci 0000:00:1d.0: PTM enabled (root), 4ns granularity
Sep 19 12:02:35 pop-os kernel: [    0.867969] pci 0000:00:1d.6: [8086:a336] type 01 class 0x060400
Sep 19 12:02:35 pop-os kernel: [    0.868061] pci 0000:00:1d.6: PME# supported from D0 D3hot D3cold
Sep 19 12:02:35 pop-os kernel: [    0.868087] pci 0000:00:1d.6: PTM enabled (root), 4ns granularity
Sep 19 12:02:35 pop-os kernel: [    0.869531] pci 0000:00:1d.7: [8086:a337] type 01 class 0x060400
Sep 19 12:02:35 pop-os kernel: [    0.869623] pci 0000:00:1d.7: PME# supported from D0 D3hot D3cold
Sep 19 12:02:35 pop-os kernel: [    0.869649] pci 0000:00:1d.7: PTM enabled (root), 4ns granularity
Sep 19 12:02:35 pop-os kernel: [    0.871113] pci 0000:00:1f.0: [8086:a30d] type 00 class 0x060100
Sep 19 12:02:35 pop-os kernel: [    0.871738] pci 0000:00:1f.3: [8086:a348] type 00 class 0x040300
Sep 19 12:02:35 pop-os kernel: [    0.871784] pci 0000:00:1f.3: reg 0x10: [mem 0xb471c000-0xb471ffff 64bit]
Sep 19 12:02:35 pop-os kernel: [    0.871862] pci 0000:00:1f.3: reg 0x20: [mem 0xb4200000-0xb42fffff 64bit]
Sep 19 12:02:35 pop-os kernel: [    0.871989] pci 0000:00:1f.3: PME# supported from D3hot D3cold
Sep 19 12:02:35 pop-os kernel: [    0.873182] pci 0000:00:1f.4: [8086:a323] type 00 class 0x0c0500
Sep 19 12:02:35 pop-os kernel: [    0.873208] pci 0000:00:1f.4: reg 0x10: [mem 0xb4729000-0xb47290ff 64bit]
Sep 19 12:02:35 pop-os kernel: [    0.873239] pci 0000:00:1f.4: reg 0x20: [io  0x5040-0x505f]
Sep 19 12:02:35 pop-os kernel: [    0.873699] pci 0000:00:1f.5: [8086:a324] type 00 class 0x0c8000
Sep 19 12:02:35 pop-os kernel: [    0.873716] pci 0000:00:1f.5: reg 0x10: [mem 0xfe010000-0xfe010fff]
Sep 19 12:02:35 pop-os kernel: [    0.873896] pci 0000:01:00.0: [10de:1f11] type 00 class 0x030000
Sep 19 12:02:35 pop-os kernel: [    0.873910] pci 0000:01:00.0: reg 0x10: [mem 0xb3000000-0xb3ffffff]
Sep 19 12:02:35 pop-os kernel: [    0.873922] pci 0000:01:00.0: reg 0x14: [mem 0xa0000000-0xafffffff 64bit pref]
Sep 19 12:02:35 pop-os kernel: [    0.873933] pci 0000:01:00.0: reg 0x1c: [mem 0xb0000000-0xb1ffffff 64bit pref]
Sep 19 12:02:35 pop-os kernel: [    0.873940] pci 0000:01:00.0: reg 0x24: [io  0x4000-0x407f]
Sep 19 12:02:35 pop-os kernel: [    0.873948] pci 0000:01:00.0: reg 0x30: [mem 0xfff80000-0xffffffff pref]
Sep 19 12:02:35 pop-os kernel: [    0.874008] pci 0000:01:00.0: PME# supported from D0 D3hot
Sep 19 12:02:35 pop-os kernel: [    0.874475] pci 0000:01:00.1: [10de:10f9] type 00 class 0x040300
Sep 19 12:02:35 pop-os kernel: [    0.874489] pci 0000:01:00.1: reg 0x10: [mem 0xb4000000-0xb4003fff]
Sep 19 12:02:35 pop-os kernel: [    0.874633] pci 0000:01:00.2: [10de:1ada] type 00 class 0x0c0330
Sep 19 12:02:35 pop-os kernel: [    0.874649] pci 0000:01:00.2: reg 0x10: [mem 0xb4100000-0xb413ffff 64bit pref]
Sep 19 12:02:35 pop-os kernel: [    0.874666] pci 0000:01:00.2: reg 0x1c: [mem 0xb4140000-0xb414ffff 64bit pref]
Sep 19 12:02:35 pop-os kernel: [    0.874725] pci 0000:01:00.2: PME# supported from D0 D3hot
Sep 19 12:02:35 pop-os kernel: [    0.874845] pci 0000:01:00.3: [10de:1adb] type 00 class 0x0c8000
Sep 19 12:02:35 pop-os kernel: [    0.874857] pci 0000:01:00.3: reg 0x10: [mem 0xb4004000-0xb4004fff]
Sep 19 12:02:35 pop-os kernel: [    0.874937] pci 0000:01:00.3: PME# supported from D0 D3hot
Sep 19 12:02:35 pop-os kernel: [    0.875024] pci 0000:00:01.0: PCI bridge to [bus 01-05]
Sep 19 12:02:35 pop-os kernel: [    0.875028] pci 0000:00:01.0:   bridge window [io  0x4000-0x4fff]
Sep 19 12:02:35 pop-os kernel: [    0.875031] pci 0000:00:01.0:   bridge window [mem 0xa0000000-0xb40fffff]
Sep 19 12:02:35 pop-os kernel: [    0.875035] pci 0000:00:01.0:   bridge window [mem 0xb4100000-0xb41fffff 64bit pref]
Sep 19 12:02:35 pop-os kernel: [    0.875130] pci 0000:06:00.0: [144d:a808] type 00 class 0x010802
Sep 19 12:02:35 pop-os kernel: [    0.875153] pci 0000:06:00.0: reg 0x10: [mem 0xb4600000-0xb4603fff 64bit]
Sep 19 12:02:35 pop-os kernel: [    0.875459] pci 0000:00:1b.0: PCI bridge to [bus 06]
Sep 19 12:02:35 pop-os kernel: [    0.875465] pci 0000:00:1b.0:   bridge window [mem 0xb4600000-0xb46fffff]
Sep 19 12:02:35 pop-os kernel: [    0.875557] pci 0000:07:00.0: [144d:a808] type 00 class 0x010802
Sep 19 12:02:35 pop-os kernel: [    0.875580] pci 0000:07:00.0: reg 0x10: [mem 0xb4500000-0xb4503fff 64bit]
Sep 19 12:02:35 pop-os kernel: [    0.886173] pci 0000:00:1d.0: PCI bridge to [bus 07]
Sep 19 12:02:35 pop-os kernel: [    0.886180] pci 0000:00:1d.0:   bridge window [mem 0xb4500000-0xb45fffff]
Sep 19 12:02:35 pop-os kernel: [    0.886275] pci 0000:08:00.0: [10ec:8168] type 00 class 0x020000
Sep 19 12:02:35 pop-os kernel: [    0.886297] pci 0000:08:00.0: reg 0x10: [io  0x3000-0x30ff]
Sep 19 12:02:35 pop-os kernel: [    0.886326] pci 0000:08:00.0: reg 0x18: [mem 0xb4404000-0xb4404fff 64bit]
Sep 19 12:02:35 pop-os kernel: [    0.886345] pci 0000:08:00.0: reg 0x20: [mem 0xb4400000-0xb4403fff 64bit]
Sep 19 12:02:35 pop-os kernel: [    0.886465] pci 0000:08:00.0: supports D1 D2
Sep 19 12:02:35 pop-os kernel: [    0.886467] pci 0000:08:00.0: PME# supported from D0 D1 D2 D3hot D3cold
Sep 19 12:02:35 pop-os kernel: [    0.886650] pci 0000:00:1d.6: PCI bridge to [bus 08]
Sep 19 12:02:35 pop-os kernel: [    0.886655] pci 0000:00:1d.6:   bridge window [io  0x3000-0x3fff]
Sep 19 12:02:35 pop-os kernel: [    0.886658] pci 0000:00:1d.6:   bridge window [mem 0xb4400000-0xb44fffff]
Sep 19 12:02:35 pop-os kernel: [    0.886738] pci 0000:09:00.0: [10ec:525a] type 00 class 0xff0000
Sep 19 12:02:35 pop-os kernel: [    0.886769] pci 0000:09:00.0: reg 0x14: [mem 0xb4300000-0xb4300fff]
Sep 19 12:02:35 pop-os kernel: [    0.886909] pci 0000:09:00.0: supports D1 D2
Sep 19 12:02:35 pop-os kernel: [    0.886911] pci 0000:09:00.0: PME# supported from D1 D2 D3hot D3cold
Sep 19 12:02:35 pop-os kernel: [    0.887092] pci 0000:00:1d.7: PCI bridge to [bus 09]
Sep 19 12:02:35 pop-os kernel: [    0.887098] pci 0000:00:1d.7:   bridge window [mem 0xb4300000-0xb43fffff]
Sep 19 12:02:35 pop-os kernel: [    1.199154] ACPI: EC: interrupt unblocked
Sep 19 12:02:35 pop-os kernel: [    1.199156] ACPI: EC: event unblocked
Sep 19 12:02:35 pop-os kernel: [    1.199174] ACPI: EC: EC_CMD/EC_SC=0x66, EC_DATA=0x62
Sep 19 12:02:35 pop-os kernel: [    1.199176] ACPI: EC: GPE=0x17
Sep 19 12:02:35 pop-os kernel: [    1.199179] ACPI: \_SB_.PCI0.LPCB.EC__: Boot DSDT EC initialization complete
Sep 19 12:02:35 pop-os kernel: [    1.199182] ACPI: \_SB_.PCI0.LPCB.EC__: EC: Used to handle transactions and events
Sep 19 12:02:35 pop-os kernel: [    1.199300] iommu: Default domain type: Translated 
Sep 19 12:02:35 pop-os kernel: [    1.199300] iommu: DMA domain TLB invalidation policy: lazy mode 
Sep 19 12:02:35 pop-os kernel: [    1.199300] SCSI subsystem initialized
Sep 19 12:02:35 pop-os kernel: [    1.199300] libata version 3.00 loaded.
Sep 19 12:02:35 pop-os kernel: [    1.199300] ACPI: bus type USB registered
Sep 19 12:02:35 pop-os kernel: [    1.199300] usbcore: registered new interface driver usbfs
Sep 19 12:02:35 pop-os kernel: [    1.199300] usbcore: registered new interface driver hub
Sep 19 12:02:35 pop-os kernel: [    1.199300] usbcore: registered new device driver usb
Sep 19 12:02:35 pop-os kernel: [    1.199300] pps_core: LinuxPPS API ver. 1 registered
Sep 19 12:02:35 pop-os kernel: [    1.199300] pps_core: Software ver. 5.3.6 - Copyright 2005-2007 Rodolfo Giometti <giometti@linux.it>
Sep 19 12:02:35 pop-os kernel: [    1.199300] PTP clock support registered
Sep 19 12:02:35 pop-os kernel: [    1.199300] EDAC MC: Ver: 3.0.0
Sep 19 12:02:35 pop-os kernel: [    1.199300] Registered efivars operations
Sep 19 12:02:35 pop-os kernel: [    1.199300] NetLabel: Initializing
Sep 19 12:02:35 pop-os kernel: [    1.199300] NetLabel:  domain hash size = 128
Sep 19 12:02:35 pop-os kernel: [    1.199300] NetLabel:  protocols = UNLABELED CIPSOv4 CALIPSO
Sep 19 12:02:35 pop-os kernel: [    1.199300] NetLabel:  unlabeled traffic allowed by default
Sep 19 12:02:35 pop-os kernel: [    1.199300] mctp: management component transport protocol core
Sep 19 12:02:35 pop-os kernel: [    1.199300] NET: Registered PF_MCTP protocol family
Sep 19 12:02:35 pop-os kernel: [    1.199300] PCI: Using ACPI for IRQ routing
Sep 19 12:02:35 pop-os kernel: [    1.243990] PCI: pci_cache_line_size set to 64 bytes
Sep 19 12:02:35 pop-os kernel: [    1.244149] e820: reserve RAM buffer [mem 0x0009f000-0x0009ffff]
Sep 19 12:02:35 pop-os kernel: [    1.244152] e820: reserve RAM buffer [mem 0x5ae98018-0x5bffffff]
Sep 19 12:02:35 pop-os kernel: [    1.244154] e820: reserve RAM buffer [mem 0x5aea9018-0x5bffffff]
Sep 19 12:02:35 pop-os kernel: [    1.244156] e820: reserve RAM buffer [mem 0x67458000-0x67ffffff]
Sep 19 12:02:35 pop-os kernel: [    1.244157] e820: reserve RAM buffer [mem 0x6cebb000-0x6fffffff]
Sep 19 12:02:35 pop-os kernel: [    1.244159] e820: reserve RAM buffer [mem 0x7df6f000-0x7fffffff]
Sep 19 12:02:35 pop-os kernel: [    1.244161] e820: reserve RAM buffer [mem 0x7fd10000-0x7fffffff]
Sep 19 12:02:35 pop-os kernel: [    1.244162] e820: reserve RAM buffer [mem 0x870800000-0x873ffffff]
Sep 19 12:02:35 pop-os kernel: [    1.244181] pci 0000:00:02.0: vgaarb: setting as boot VGA device
Sep 19 12:02:35 pop-os kernel: [    1.244181] pci 0000:00:02.0: vgaarb: bridge control possible
Sep 19 12:02:35 pop-os kernel: [    1.244181] pci 0000:00:02.0: vgaarb: VGA device added: decodes=io+mem,owns=io+mem,locks=none
Sep 19 12:02:35 pop-os kernel: [    1.244181] pci 0000:01:00.0: vgaarb: bridge control possible
Sep 19 12:02:35 pop-os kernel: [    1.244181] pci 0000:01:00.0: vgaarb: VGA device added: decodes=io+mem,owns=none,locks=none
Sep 19 12:02:35 pop-os kernel: [    1.244181] vgaarb: loaded
Sep 19 12:02:35 pop-os kernel: [    1.244181] hpet0: at MMIO 0xfed00000, IRQs 2, 8, 0, 0, 0, 0, 0, 0
Sep 19 12:02:35 pop-os kernel: [    1.244181] hpet0: 8 comparators, 64-bit 24.000000 MHz counter
Sep 19 12:02:35 pop-os kernel: [    1.248231] clocksource: Switched to clocksource tsc-early
Sep 19 12:02:35 pop-os kernel: [    1.248399] VFS: Disk quotas dquot_6.6.0
Sep 19 12:02:35 pop-os kernel: [    1.248417] VFS: Dquot-cache hash table entries: 512 (order 0, 4096 bytes)
Sep 19 12:02:35 pop-os kernel: [    1.248561] AppArmor: AppArmor Filesystem Enabled
Sep 19 12:02:35 pop-os kernel: [    1.248602] pnp: PnP ACPI init
Sep 19 12:02:35 pop-os kernel: [    1.249169] system 00:00: [io  0x1800-0x18fe] has been reserved
Sep 19 12:02:35 pop-os kernel: [    1.249174] system 00:00: [mem 0xfd000000-0xfd69ffff] has been reserved
Sep 19 12:02:35 pop-os kernel: [    1.249177] system 00:00: [mem 0xfd6c0000-0xfd6cffff] has been reserved
Sep 19 12:02:35 pop-os kernel: [    1.249180] system 00:00: [mem 0xfd6f0000-0xfdffffff] has been reserved
Sep 19 12:02:35 pop-os kernel: [    1.249182] system 00:00: [mem 0xfe000000-0xfe01ffff] could not be reserved
Sep 19 12:02:35 pop-os kernel: [    1.249185] system 00:00: [mem 0xfe200000-0xfe7fffff] has been reserved
Sep 19 12:02:35 pop-os kernel: [    1.249187] system 00:00: [mem 0xff000000-0xffffffff] could not be reserved
Sep 19 12:02:35 pop-os kernel: [    1.249774] system 00:01: [io  0x2000-0x20fe] has been reserved
Sep 19 12:02:35 pop-os kernel: [    1.249885] pnp 00:02: disabling [io  0x3322-0x3323] because it overlaps 0000:00:1d.6 BAR 13 [io  0x3000-0x3fff]
Sep 19 12:02:35 pop-os kernel: [    1.249926] system 00:02: [io  0x0680-0x069f] has been reserved
Sep 19 12:02:35 pop-os kernel: [    1.249928] system 00:02: [io  0x164e-0x164f] has been reserved
Sep 19 12:02:35 pop-os kernel: [    1.249928] system 00:04: [io  0x1854-0x1857] has been reserved
Sep 19 12:02:35 pop-os kernel: [    1.250717] system 00:07: [mem 0xfe037000-0xfe037fff] has been reserved
Sep 19 12:02:35 pop-os kernel: [    1.250721] system 00:07: [mem 0xfe036008-0xfe036fff] has been reserved
Sep 19 12:02:35 pop-os kernel: [    1.251828] system 00:08: [mem 0xfed10000-0xfed17fff] has been reserved
Sep 19 12:02:35 pop-os kernel: [    1.251832] system 00:08: [mem 0xfed18000-0xfed18fff] has been reserved
Sep 19 12:02:35 pop-os kernel: [    1.251835] system 00:08: [mem 0xfed19000-0xfed19fff] has been reserved
Sep 19 12:02:35 pop-os kernel: [    1.251837] system 00:08: [mem 0xe0000000-0xefffffff] has been reserved
Sep 19 12:02:35 pop-os kernel: [    1.251840] system 00:08: [mem 0xfed20000-0xfed3ffff] has been reserved
Sep 19 12:02:35 pop-os kernel: [    1.251843] system 00:08: [mem 0xfed90000-0xfed93fff] could not be reserved
Sep 19 12:02:35 pop-os kernel: [    1.251845] system 00:08: [mem 0xfed45000-0xfed8ffff] could not be reserved
Sep 19 12:02:35 pop-os kernel: [    1.251848] system 00:08: [mem 0xfee00000-0xfeefffff] could not be reserved
Sep 19 12:02:35 pop-os kernel: [    1.578549] pnp: PnP ACPI: found 9 devices
Sep 19 12:02:35 pop-os kernel: [    1.585801] clocksource: acpi_pm: mask: 0xffffff max_cycles: 0xffffff, max_idle_ns: 2085701024 ns
Sep 19 12:02:35 pop-os kernel: [    1.585919] NET: Registered PF_INET protocol family
Sep 19 12:02:35 pop-os kernel: [    1.586183] IP idents hash table entries: 262144 (order: 9, 2097152 bytes, linear)
Sep 19 12:02:35 pop-os kernel: [    1.591699] tcp_listen_portaddr_hash hash table entries: 16384 (order: 6, 262144 bytes, linear)
Sep 19 12:02:35 pop-os kernel: [    1.591761] Table-perturb hash table entries: 65536 (order: 6, 262144 bytes, linear)
Sep 19 12:02:35 pop-os kernel: [    1.591966] TCP established hash table entries: 262144 (order: 9, 2097152 bytes, linear)
Sep 19 12:02:35 pop-os kernel: [    1.592405] TCP bind hash table entries: 65536 (order: 8, 1048576 bytes, linear)
Sep 19 12:02:35 pop-os kernel: [    1.592516] TCP: Hash tables configured (established 262144 bind 65536)
Sep 19 12:02:35 pop-os kernel: [    1.592706] MPTCP token hash table entries: 32768 (order: 7, 786432 bytes, linear)
Sep 19 12:02:35 pop-os kernel: [    1.592884] UDP hash table entries: 16384 (order: 7, 524288 bytes, linear)
Sep 19 12:02:35 pop-os kernel: [    1.593014] UDP-Lite hash table entries: 16384 (order: 7, 524288 bytes, linear)
Sep 19 12:02:35 pop-os kernel: [    1.593150] NET: Registered PF_UNIX/PF_LOCAL protocol family
Sep 19 12:02:35 pop-os kernel: [    1.593162] NET: Registered PF_XDP protocol family
Sep 19 12:02:35 pop-os kernel: [    1.593169] pci 0000:01:00.0: can't claim BAR 6 [mem 0xfff80000-0xffffffff pref]: no compatible bridge window
Sep 19 12:02:35 pop-os kernel: [    1.593191] clipped [mem size 0x00000000 64bit] to [mem size 0xfffffffffffa0000 64bit] for e820 entry [mem 0x0009f000-0x000fffff]
Sep 19 12:02:35 pop-os kernel: [    1.593201] clipped [mem size 0x00020000 64bit] to [mem size 0xfffffffffffc0000 64bit] for e820 entry [mem 0x0009f000-0x000fffff]
Sep 19 12:02:35 pop-os kernel: [    1.593207] pci 0000:00:15.0: BAR 0: assigned [mem 0x8d800000-0x8d800fff 64bit]
Sep 19 12:02:35 pop-os kernel: [    1.593224] clipped [mem size 0x00000000 64bit] to [mem size 0xfffffffffffa0000 64bit] for e820 entry [mem 0x0009f000-0x000fffff]
Sep 19 12:02:35 pop-os kernel: [    1.593230] clipped [mem size 0x00020000 64bit] to [mem size 0xfffffffffffc0000 64bit] for e820 entry [mem 0x0009f000-0x000fffff]
Sep 19 12:02:35 pop-os kernel: [    1.593236] pci 0000:00:15.1: BAR 0: assigned [mem 0x8d801000-0x8d801fff 64bit]
Sep 19 12:02:35 pop-os kernel: [    1.593253] pci 0000:01:00.0: BAR 6: assigned [mem 0xb2000000-0xb207ffff pref]
Sep 19 12:02:35 pop-os kernel: [    1.593257] pci 0000:00:01.0: PCI bridge to [bus 01-05]
Sep 19 12:02:35 pop-os kernel: [    1.593260] pci 0000:00:01.0:   bridge window [io  0x4000-0x4fff]
Sep 19 12:02:35 pop-os kernel: [    1.593265] pci 0000:00:01.0:   bridge window [mem 0xa0000000-0xb40fffff]
Sep 19 12:02:35 pop-os kernel: [    1.593269] pci 0000:00:01.0:   bridge window [mem 0xb4100000-0xb41fffff 64bit pref]
Sep 19 12:02:35 pop-os kernel: [    1.593276] pci 0000:00:1b.0: PCI bridge to [bus 06]
Sep 19 12:02:35 pop-os kernel: [    1.593286] pci 0000:00:1b.0:   bridge window [mem 0xb4600000-0xb46fffff]
Sep 19 12:02:35 pop-os kernel: [    1.593295] pci 0000:00:1d.0: PCI bridge to [bus 07]
Sep 19 12:02:35 pop-os kernel: [    1.593300] pci 0000:00:1d.0:   bridge window [mem 0xb4500000-0xb45fffff]
Sep 19 12:02:35 pop-os kernel: [    1.593309] pci 0000:00:1d.6: PCI bridge to [bus 08]
Sep 19 12:02:35 pop-os kernel: [    1.593312] pci 0000:00:1d.6:   bridge window [io  0x3000-0x3fff]
Sep 19 12:02:35 pop-os kernel: [    1.593318] pci 0000:00:1d.6:   bridge window [mem 0xb4400000-0xb44fffff]
Sep 19 12:02:35 pop-os kernel: [    1.593326] pci 0000:00:1d.7: PCI bridge to [bus 09]
Sep 19 12:02:35 pop-os kernel: [    1.593331] pci 0000:00:1d.7:   bridge window [mem 0xb4300000-0xb43fffff]
Sep 19 12:02:35 pop-os kernel: [    1.593340] pci_bus 0000:00: resource 4 [io  0x0000-0x0cf7 window]
Sep 19 12:02:35 pop-os kernel: [    1.593344] pci_bus 0000:00: resource 5 [io  0x0d00-0xffff window]
Sep 19 12:02:35 pop-os kernel: [    1.593347] pci_bus 0000:00: resource 6 [mem 0x000a0000-0x000bffff window]
Sep 19 12:02:35 pop-os kernel: [    1.593349] pci_bus 0000:00: resource 7 [mem 0x8d800000-0xdfffffff window]
Sep 19 12:02:35 pop-os kernel: [    1.593352] pci_bus 0000:00: resource 8 [mem 0xfc800000-0xfe7fffff window]
Sep 19 12:02:35 pop-os kernel: [    1.593355] pci_bus 0000:01: resource 0 [io  0x4000-0x4fff]
Sep 19 12:02:35 pop-os kernel: [    1.593358] pci_bus 0000:01: resource 1 [mem 0xa0000000-0xb40fffff]
Sep 19 12:02:35 pop-os kernel: [    1.593360] pci_bus 0000:01: resource 2 [mem 0xb4100000-0xb41fffff 64bit pref]
Sep 19 12:02:35 pop-os kernel: [    1.593364] pci_bus 0000:06: resource 1 [mem 0xb4600000-0xb46fffff]
Sep 19 12:02:35 pop-os kernel: [    1.593366] pci_bus 0000:07: resource 1 [mem 0xb4500000-0xb45fffff]
Sep 19 12:02:35 pop-os kernel: [    1.593369] pci_bus 0000:08: resource 0 [io  0x3000-0x3fff]
Sep 19 12:02:35 pop-os kernel: [    1.593372] pci_bus 0000:08: resource 1 [mem 0xb4400000-0xb44fffff]
Sep 19 12:02:35 pop-os kernel: [    1.593374] pci_bus 0000:09: resource 1 [mem 0xb4300000-0xb43fffff]
Sep 19 12:02:35 pop-os kernel: [    1.595709] pci 0000:01:00.1: D0 power state depends on 0000:01:00.0
Sep 19 12:02:35 pop-os kernel: [    1.595791] pci 0000:01:00.2: D0 power state depends on 0000:01:00.0
Sep 19 12:02:35 pop-os kernel: [    1.596384] pci 0000:01:00.3: D0 power state depends on 0000:01:00.0
Sep 19 12:02:35 pop-os kernel: [    1.596438] PCI: CLS 64 bytes, default 64
Sep 19 12:02:35 pop-os kernel: [    1.596503] PCI-DMA: Using software bounce buffering for IO (SWIOTLB)
Sep 19 12:02:35 pop-os kernel: [    1.596505] software IO TLB: mapped [mem 0x00000000792d8000-0x000000007d2d8000] (64MB)
Sep 19 12:02:35 pop-os kernel: [    1.596545] Trying to unpack rootfs image as initramfs...
Sep 19 12:02:35 pop-os kernel: [    1.596981] sgx: EPC section 0x80200000-0x85f7ffff
Sep 19 12:02:35 pop-os kernel: [    1.598470] Initialise system trusted keyrings
Sep 19 12:02:35 pop-os kernel: [    1.598486] Key type blacklist registered
Sep 19 12:02:35 pop-os kernel: [    1.598550] workingset: timestamp_bits=36 max_order=23 bucket_order=0
Sep 19 12:02:35 pop-os kernel: [    1.601160] zbud: loaded
Sep 19 12:02:35 pop-os kernel: [    1.601777] squashfs: version 4.0 (2009/01/31) Phillip Lougher
Sep 19 12:02:35 pop-os kernel: [    1.602023] fuse: init (API version 7.36)
Sep 19 12:02:35 pop-os kernel: [    1.602325] integrity: Platform Keyring initialized
Sep 19 12:02:35 pop-os kernel: [    1.602330] integrity: Machine keyring initialized
Sep 19 12:02:35 pop-os kernel: [    1.622583] Key type asymmetric registered
Sep 19 12:02:35 pop-os kernel: [    1.622587] Asymmetric key parser 'x509' registered
Sep 19 12:02:35 pop-os kernel: [    2.602162] tsc: Refined TSC clocksource calibration: 2207.995 MHz
Sep 19 12:02:35 pop-os kernel: [    2.602177] clocksource: tsc: mask: 0xffffffffffffffff max_cycles: 0x1fd3b368b2e, max_idle_ns: 440795242057 ns
Sep 19 12:02:35 pop-os kernel: [    2.602205] clocksource: Switched to clocksource tsc
Sep 19 12:02:35 pop-os kernel: [    2.704697] Freeing initrd memory: 161664K
Sep 19 12:02:35 pop-os kernel: [    2.710310] alg: self-tests for CTR-KDF (hmac(sha256)) passed
Sep 19 12:02:35 pop-os kernel: [    2.710361] Block layer SCSI generic (bsg) driver version 0.4 loaded (major 243)
Sep 19 12:02:35 pop-os kernel: [    2.710417] io scheduler mq-deadline registered
Sep 19 12:02:35 pop-os kernel: [    2.711055] pcieport 0000:00:01.0: PME: Signaling with IRQ 122
Sep 19 12:02:35 pop-os kernel: [    2.711627] pcieport 0000:00:1b.0: PME: Signaling with IRQ 123
Sep 19 12:02:35 pop-os kernel: [    2.711728] pcieport 0000:00:1b.0: AER: enabled with IRQ 123
Sep 19 12:02:35 pop-os kernel: [    2.711808] pcieport 0000:00:1b.0: DPC: enabled with IRQ 123
Sep 19 12:02:35 pop-os kernel: [    2.711811] pcieport 0000:00:1b.0: DPC: error containment capabilities: Int Msg #0, RPExt+ PoisonedTLP+ SwTrigger+ RP PIO Log 4, DL_ActiveErr+
Sep 19 12:02:35 pop-os kernel: [    2.712325] pcieport 0000:00:1d.0: PME: Signaling with IRQ 124
Sep 19 12:02:35 pop-os kernel: [    2.712417] pcieport 0000:00:1d.0: AER: enabled with IRQ 124
Sep 19 12:02:35 pop-os kernel: [    2.712487] pcieport 0000:00:1d.0: DPC: enabled with IRQ 124
Sep 19 12:02:35 pop-os kernel: [    2.712489] pcieport 0000:00:1d.0: DPC: error containment capabilities: Int Msg #0, RPExt+ PoisonedTLP+ SwTrigger+ RP PIO Log 4, DL_ActiveErr+
Sep 19 12:02:35 pop-os kernel: [    2.712955] pcieport 0000:00:1d.6: PME: Signaling with IRQ 125
Sep 19 12:02:35 pop-os kernel: [    2.713040] pcieport 0000:00:1d.6: AER: enabled with IRQ 125
Sep 19 12:02:35 pop-os kernel: [    2.713119] pcieport 0000:00:1d.6: DPC: enabled with IRQ 125
Sep 19 12:02:35 pop-os kernel: [    2.713121] pcieport 0000:00:1d.6: DPC: error containment capabilities: Int Msg #0, RPExt+ PoisonedTLP+ SwTrigger+ RP PIO Log 4, DL_ActiveErr+
Sep 19 12:02:35 pop-os kernel: [    2.713580] pcieport 0000:00:1d.7: PME: Signaling with IRQ 126
Sep 19 12:02:35 pop-os kernel: [    2.713660] pcieport 0000:00:1d.7: AER: enabled with IRQ 126
Sep 19 12:02:35 pop-os kernel: [    2.713724] pcieport 0000:00:1d.7: DPC: enabled with IRQ 126
Sep 19 12:02:35 pop-os kernel: [    2.713726] pcieport 0000:00:1d.7: DPC: error containment capabilities: Int Msg #0, RPExt+ PoisonedTLP+ SwTrigger+ RP PIO Log 4, DL_ActiveErr+
Sep 19 12:02:35 pop-os kernel: [    2.713879] shpchp: Standard Hot Plug PCI Controller Driver version: 0.4
Sep 19 12:02:35 pop-os kernel: [    2.715527] ACPI: AC: AC Adapter [AC] (off-line)
